<?xml version="1.0" encoding="ISO-8859-1" ?>
<link_info>
   <banner>MSP430 Linker PC v20.2.1.LTS</banner>
   <copyright>Copyright (c) 2003-2018 Texas Instruments Incorporated</copyright>
   <link_time>0x5f203c13</link_time>
   <link_errors>0x0</link_errors>
   <output_file>MoveH.out</output_file>
   <entry_point>
      <name>_c_int00_noargs</name>
      <address>0x4464</address>
   </entry_point>
   <input_file_list>
      <input_file id="fl-2">
         <path>.\</path>
         <kind>object</kind>
         <file>main_SD.obj</file>
         <name>main_SD.obj</name>
      </input_file>
      <input_file id="fl-3">
         <path>.\FatFS\</path>
         <kind>object</kind>
         <file>diskio.obj</file>
         <name>diskio.obj</name>
      </input_file>
      <input_file id="fl-4">
         <path>.\FatFS\</path>
         <kind>object</kind>
         <file>ff.obj</file>
         <name>ff.obj</name>
      </input_file>
      <input_file id="fl-a">
         <kind>object</kind>
         <file>&lt;internal&gt;</file>
         <name>&lt;internal&gt;</name>
      </input_file>
      <input_file id="fl-25">
         <path>C:\ti\ccs1010\ccs\tools\compiler\ti-cgt-msp430_20.2.1.LTS\lib\</path>
         <kind>archive</kind>
         <file>rts430x_lc_rd_eabi.lib</file>
         <name>copy_decompress_lzss.c.obj</name>
      </input_file>
      <input_file id="fl-26">
         <path>C:\ti\ccs1010\ccs\tools\compiler\ti-cgt-msp430_20.2.1.LTS\lib\</path>
         <kind>archive</kind>
         <file>rts430x_lc_rd_eabi.lib</file>
         <name>copy_decompress_none.c.obj</name>
      </input_file>
      <input_file id="fl-27">
         <path>C:\ti\ccs1010\ccs\tools\compiler\ti-cgt-msp430_20.2.1.LTS\lib\</path>
         <kind>archive</kind>
         <file>rts430x_lc_rd_eabi.lib</file>
         <name>int30.asm.obj</name>
      </input_file>
      <input_file id="fl-28">
         <path>C:\ti\ccs1010\ccs\tools\compiler\ti-cgt-msp430_20.2.1.LTS\lib\</path>
         <kind>archive</kind>
         <file>rts430x_lc_rd_eabi.lib</file>
         <name>isr_trap.asm.obj</name>
      </input_file>
      <input_file id="fl-29">
         <path>C:\ti\ccs1010\ccs\tools\compiler\ti-cgt-msp430_20.2.1.LTS\lib\</path>
         <kind>archive</kind>
         <file>rts430x_lc_rd_eabi.lib</file>
         <name>int31.asm.obj</name>
      </input_file>
      <input_file id="fl-2a">
         <path>C:\ti\ccs1010\ccs\tools\compiler\ti-cgt-msp430_20.2.1.LTS\lib\</path>
         <kind>archive</kind>
         <file>rts430x_lc_rd_eabi.lib</file>
         <name>int33.asm.obj</name>
      </input_file>
      <input_file id="fl-2b">
         <path>C:\ti\ccs1010\ccs\tools\compiler\ti-cgt-msp430_20.2.1.LTS\lib\</path>
         <kind>archive</kind>
         <file>rts430x_lc_rd_eabi.lib</file>
         <name>int34.asm.obj</name>
      </input_file>
      <input_file id="fl-2c">
         <path>C:\ti\ccs1010\ccs\tools\compiler\ti-cgt-msp430_20.2.1.LTS\lib\</path>
         <kind>archive</kind>
         <file>rts430x_lc_rd_eabi.lib</file>
         <name>int35.asm.obj</name>
      </input_file>
      <input_file id="fl-2d">
         <path>C:\ti\ccs1010\ccs\tools\compiler\ti-cgt-msp430_20.2.1.LTS\lib\</path>
         <kind>archive</kind>
         <file>rts430x_lc_rd_eabi.lib</file>
         <name>int36.asm.obj</name>
      </input_file>
      <input_file id="fl-2e">
         <path>C:\ti\ccs1010\ccs\tools\compiler\ti-cgt-msp430_20.2.1.LTS\lib\</path>
         <kind>archive</kind>
         <file>rts430x_lc_rd_eabi.lib</file>
         <name>int37.asm.obj</name>
      </input_file>
      <input_file id="fl-2f">
         <path>C:\ti\ccs1010\ccs\tools\compiler\ti-cgt-msp430_20.2.1.LTS\lib\</path>
         <kind>archive</kind>
         <file>rts430x_lc_rd_eabi.lib</file>
         <name>int38.asm.obj</name>
      </input_file>
      <input_file id="fl-30">
         <path>C:\ti\ccs1010\ccs\tools\compiler\ti-cgt-msp430_20.2.1.LTS\lib\</path>
         <kind>archive</kind>
         <file>rts430x_lc_rd_eabi.lib</file>
         <name>int40.asm.obj</name>
      </input_file>
      <input_file id="fl-31">
         <path>C:\ti\ccs1010\ccs\tools\compiler\ti-cgt-msp430_20.2.1.LTS\lib\</path>
         <kind>archive</kind>
         <file>rts430x_lc_rd_eabi.lib</file>
         <name>int41.asm.obj</name>
      </input_file>
      <input_file id="fl-32">
         <path>C:\ti\ccs1010\ccs\tools\compiler\ti-cgt-msp430_20.2.1.LTS\lib\</path>
         <kind>archive</kind>
         <file>rts430x_lc_rd_eabi.lib</file>
         <name>int42.asm.obj</name>
      </input_file>
      <input_file id="fl-33">
         <path>C:\ti\ccs1010\ccs\tools\compiler\ti-cgt-msp430_20.2.1.LTS\lib\</path>
         <kind>archive</kind>
         <file>rts430x_lc_rd_eabi.lib</file>
         <name>int43.asm.obj</name>
      </input_file>
      <input_file id="fl-34">
         <path>C:\ti\ccs1010\ccs\tools\compiler\ti-cgt-msp430_20.2.1.LTS\lib\</path>
         <kind>archive</kind>
         <file>rts430x_lc_rd_eabi.lib</file>
         <name>int44.asm.obj</name>
      </input_file>
      <input_file id="fl-35">
         <path>C:\ti\ccs1010\ccs\tools\compiler\ti-cgt-msp430_20.2.1.LTS\lib\</path>
         <kind>archive</kind>
         <file>rts430x_lc_rd_eabi.lib</file>
         <name>int45.asm.obj</name>
      </input_file>
      <input_file id="fl-36">
         <path>C:\ti\ccs1010\ccs\tools\compiler\ti-cgt-msp430_20.2.1.LTS\lib\</path>
         <kind>archive</kind>
         <file>rts430x_lc_rd_eabi.lib</file>
         <name>int46.asm.obj</name>
      </input_file>
      <input_file id="fl-37">
         <path>C:\ti\ccs1010\ccs\tools\compiler\ti-cgt-msp430_20.2.1.LTS\lib\</path>
         <kind>archive</kind>
         <file>rts430x_lc_rd_eabi.lib</file>
         <name>int48.asm.obj</name>
      </input_file>
      <input_file id="fl-38">
         <path>C:\ti\ccs1010\ccs\tools\compiler\ti-cgt-msp430_20.2.1.LTS\lib\</path>
         <kind>archive</kind>
         <file>rts430x_lc_rd_eabi.lib</file>
         <name>int49.asm.obj</name>
      </input_file>
      <input_file id="fl-39">
         <path>C:\ti\ccs1010\ccs\tools\compiler\ti-cgt-msp430_20.2.1.LTS\lib\</path>
         <kind>archive</kind>
         <file>rts430x_lc_rd_eabi.lib</file>
         <name>int50.asm.obj</name>
      </input_file>
      <input_file id="fl-3a">
         <path>C:\ti\ccs1010\ccs\tools\compiler\ti-cgt-msp430_20.2.1.LTS\lib\</path>
         <kind>archive</kind>
         <file>rts430x_lc_rd_eabi.lib</file>
         <name>int51.asm.obj</name>
      </input_file>
      <input_file id="fl-3b">
         <path>C:\ti\ccs1010\ccs\tools\compiler\ti-cgt-msp430_20.2.1.LTS\lib\</path>
         <kind>archive</kind>
         <file>rts430x_lc_rd_eabi.lib</file>
         <name>int52.asm.obj</name>
      </input_file>
      <input_file id="fl-3c">
         <path>C:\ti\ccs1010\ccs\tools\compiler\ti-cgt-msp430_20.2.1.LTS\lib\</path>
         <kind>archive</kind>
         <file>rts430x_lc_rd_eabi.lib</file>
         <name>int53.asm.obj</name>
      </input_file>
      <input_file id="fl-3d">
         <path>C:\ti\ccs1010\ccs\tools\compiler\ti-cgt-msp430_20.2.1.LTS\lib\</path>
         <kind>archive</kind>
         <file>rts430x_lc_rd_eabi.lib</file>
         <name>int54.asm.obj</name>
      </input_file>
      <input_file id="fl-3e">
         <path>C:\ti\ccs1010\ccs\tools\compiler\ti-cgt-msp430_20.2.1.LTS\lib\</path>
         <kind>archive</kind>
         <file>rts430x_lc_rd_eabi.lib</file>
         <name>copy_zero_init.c.obj</name>
      </input_file>
      <input_file id="fl-3f">
         <path>C:\ti\ccs1010\ccs\tools\compiler\ti-cgt-msp430_20.2.1.LTS\lib\</path>
         <kind>archive</kind>
         <file>rts430x_lc_rd_eabi.lib</file>
         <name>div16s.asm.obj</name>
      </input_file>
      <input_file id="fl-40">
         <path>C:\ti\ccs1010\ccs\tools\compiler\ti-cgt-msp430_20.2.1.LTS\lib\</path>
         <kind>archive</kind>
         <file>rts430x_lc_rd_eabi.lib</file>
         <name>div16u.asm.obj</name>
      </input_file>
      <input_file id="fl-41">
         <path>C:\ti\ccs1010\ccs\tools\compiler\ti-cgt-msp430_20.2.1.LTS\lib\</path>
         <kind>archive</kind>
         <file>rts430x_lc_rd_eabi.lib</file>
         <name>div32u.asm.obj</name>
      </input_file>
      <input_file id="fl-42">
         <path>C:\ti\ccs1010\ccs\tools\compiler\ti-cgt-msp430_20.2.1.LTS\lib\</path>
         <kind>archive</kind>
         <file>rts430x_lc_rd_eabi.lib</file>
         <name>fs_tol.asm.obj</name>
      </input_file>
      <input_file id="fl-43">
         <path>C:\ti\ccs1010\ccs\tools\compiler\ti-cgt-msp430_20.2.1.LTS\lib\</path>
         <kind>archive</kind>
         <file>rts430x_lc_rd_eabi.lib</file>
         <name>fs_mpy.asm.obj</name>
      </input_file>
      <input_file id="fl-44">
         <path>C:\ti\ccs1010\ccs\tools\compiler\ti-cgt-msp430_20.2.1.LTS\lib\</path>
         <kind>archive</kind>
         <file>rts430x_lc_rd_eabi.lib</file>
         <name>mult16.asm.obj</name>
      </input_file>
      <input_file id="fl-45">
         <path>C:\ti\ccs1010\ccs\tools\compiler\ti-cgt-msp430_20.2.1.LTS\lib\</path>
         <kind>archive</kind>
         <file>rts430x_lc_rd_eabi.lib</file>
         <name>mult32.asm.obj</name>
      </input_file>
      <input_file id="fl-46">
         <path>C:\ti\ccs1010\ccs\tools\compiler\ti-cgt-msp430_20.2.1.LTS\lib\</path>
         <kind>archive</kind>
         <file>rts430x_lc_rd_eabi.lib</file>
         <name>lsl32.asm.obj</name>
      </input_file>
      <input_file id="fl-47">
         <path>C:\ti\ccs1010\ccs\tools\compiler\ti-cgt-msp430_20.2.1.LTS\lib\</path>
         <kind>archive</kind>
         <file>rts430x_lc_rd_eabi.lib</file>
         <name>lsr32.asm.obj</name>
      </input_file>
      <input_file id="fl-48">
         <path>C:\ti\ccs1010\ccs\tools\compiler\ti-cgt-msp430_20.2.1.LTS\lib\</path>
         <kind>archive</kind>
         <file>rts430x_lc_rd_eabi.lib</file>
         <name>boot.c.obj</name>
      </input_file>
      <input_file id="fl-49">
         <path>C:\ti\ccs1010\ccs\tools\compiler\ti-cgt-msp430_20.2.1.LTS\lib\</path>
         <kind>archive</kind>
         <file>rts430x_lc_rd_eabi.lib</file>
         <name>mpu_init.c.obj</name>
      </input_file>
      <input_file id="fl-4a">
         <path>C:\ti\ccs1010\ccs\tools\compiler\ti-cgt-msp430_20.2.1.LTS\lib\</path>
         <kind>archive</kind>
         <file>rts430x_lc_rd_eabi.lib</file>
         <name>args_main.c.obj</name>
      </input_file>
      <input_file id="fl-4b">
         <path>C:\ti\ccs1010\ccs\tools\compiler\ti-cgt-msp430_20.2.1.LTS\lib\</path>
         <kind>archive</kind>
         <file>rts430x_lc_rd_eabi.lib</file>
         <name>autoinit.c.obj</name>
      </input_file>
      <input_file id="fl-4c">
         <path>C:\ti\ccs1010\ccs\tools\compiler\ti-cgt-msp430_20.2.1.LTS\lib\</path>
         <kind>archive</kind>
         <file>rts430x_lc_rd_eabi.lib</file>
         <name>startup.c.obj</name>
      </input_file>
      <input_file id="fl-4d">
         <path>C:\ti\ccs1010\ccs\tools\compiler\ti-cgt-msp430_20.2.1.LTS\lib\</path>
         <kind>archive</kind>
         <file>rts430x_lc_rd_eabi.lib</file>
         <name>pre_init.c.obj</name>
      </input_file>
      <input_file id="fl-4e">
         <path>C:\ti\ccs1010\ccs\tools\compiler\ti-cgt-msp430_20.2.1.LTS\lib\</path>
         <kind>archive</kind>
         <file>rts430x_lc_rd_eabi.lib</file>
         <name>cpy_tbl.c.obj</name>
      </input_file>
      <input_file id="fl-4f">
         <path>C:\ti\ccs1010\ccs\tools\compiler\ti-cgt-msp430_20.2.1.LTS\lib\</path>
         <kind>archive</kind>
         <file>rts430x_lc_rd_eabi.lib</file>
         <name>exit.c.obj</name>
      </input_file>
      <input_file id="fl-50">
         <path>C:\ti\ccs1010\ccs\tools\compiler\ti-cgt-msp430_20.2.1.LTS\lib\</path>
         <kind>archive</kind>
         <file>rts430x_lc_rd_eabi.lib</file>
         <name>exit_gvars.c.obj</name>
      </input_file>
      <input_file id="fl-51">
         <path>C:\ti\ccs1010\ccs\tools\compiler\ti-cgt-msp430_20.2.1.LTS\lib\</path>
         <kind>archive</kind>
         <file>rts430x_lc_rd_eabi.lib</file>
         <name>_lock.c.obj</name>
      </input_file>
      <input_file id="fl-52">
         <path>C:\ti\ccs1010\ccs\tools\compiler\ti-cgt-msp430_20.2.1.LTS\lib\</path>
         <kind>archive</kind>
         <file>rts430x_lc_rd_eabi.lib</file>
         <name>memcpy.c.obj</name>
      </input_file>
   </input_file_list>
   <object_component_list>
      <object_component id="oc-79f">
         <name>.cinit..data.load</name>
         <load_address>0x44da</load_address>
         <run_address>0x44da</run_address>
         <size>0xe</size>
      </object_component>
      <object_component id="oc-79c">
         <name>__TI_handler_table</name>
         <load_address>0x44e8</load_address>
         <run_address>0x44e8</run_address>
         <size>0xc</size>
      </object_component>
      <object_component id="oc-79e">
         <name>.cinit..bss.load</name>
         <load_address>0x44f4</load_address>
         <run_address>0x44f4</run_address>
         <size>0x6</size>
      </object_component>
      <object_component id="oc-79d">
         <name>__TI_cinit_table</name>
         <load_address>0x44fa</load_address>
         <run_address>0x44fa</run_address>
         <size>0x10</size>
      </object_component>
      <object_component id="oc-6f9">
         <name>.const:.string</name>
         <load_address>0x44b8</load_address>
         <run_address>0x44b8</run_address>
         <size>0x10</size>
         <input_file_ref idref="fl-4"/>
      </object_component>
      <object_component id="oc-4a2">
         <name>.const:.string:$P$T0$1</name>
         <load_address>0x44c8</load_address>
         <run_address>0x44c8</run_address>
         <size>0xc</size>
         <input_file_ref idref="fl-2"/>
      </object_component>
      <object_component id="oc-498">
         <name>.const:.string</name>
         <load_address>0x44d4</load_address>
         <run_address>0x44d4</run_address>
         <size>0x6</size>
         <input_file_ref idref="fl-2"/>
      </object_component>
      <object_component id="oc-3d3">
         <name>.text:_isr:USCI_B0_ISR</name>
         <load_address>0x4400</load_address>
         <run_address>0x4400</run_address>
         <size>0x64</size>
         <input_file_ref idref="fl-2"/>
      </object_component>
      <object_component id="oc-3eb">
         <name>.text:_isr:_c_int00_noargs</name>
         <load_address>0x4464</load_address>
         <run_address>0x4464</run_address>
         <size>0x1c</size>
         <input_file_ref idref="fl-48"/>
      </object_component>
      <object_component id="oc-3cd">
         <name>.text:_isr:ISR_Port1_S2</name>
         <load_address>0x4480</load_address>
         <run_address>0x4480</run_address>
         <size>0x18</size>
         <input_file_ref idref="fl-2"/>
      </object_component>
      <object_component id="oc-3c7">
         <name>.text:_isr:ISR_Port4_S1</name>
         <load_address>0x4498</load_address>
         <run_address>0x4498</run_address>
         <size>0x18</size>
         <input_file_ref idref="fl-2"/>
      </object_component>
      <object_component id="oc-3c2">
         <name>.text:_isr:__TI_ISR_TRAP</name>
         <load_address>0x44b0</load_address>
         <run_address>0x44b0</run_address>
         <size>0x8</size>
         <input_file_ref idref="fl-28"/>
      </object_component>
      <object_component id="oc-555">
         <name>.text:find_volume</name>
         <load_address>0x10000</load_address>
         <run_address>0x10000</run_address>
         <size>0x53e</size>
         <input_file_ref idref="fl-4"/>
      </object_component>
      <object_component id="oc-445">
         <name>.text:main</name>
         <load_address>0x1053e</load_address>
         <run_address>0x1053e</run_address>
         <size>0x352</size>
         <input_file_ref idref="fl-2"/>
      </object_component>
      <object_component id="oc-4ce">
         <name>.text:f_printf</name>
         <load_address>0x10890</load_address>
         <run_address>0x10890</run_address>
         <size>0x2d4</size>
         <input_file_ref idref="fl-4"/>
      </object_component>
      <object_component id="oc-5bb">
         <name>.text:f_write</name>
         <load_address>0x10b64</load_address>
         <run_address>0x10b64</run_address>
         <size>0x274</size>
         <input_file_ref idref="fl-4"/>
      </object_component>
      <object_component id="oc-4b6">
         <name>.text:f_lseek</name>
         <load_address>0x10dd8</load_address>
         <run_address>0x10dd8</run_address>
         <size>0x270</size>
         <input_file_ref idref="fl-4"/>
      </object_component>
      <object_component id="oc-4b0">
         <name>.text:f_open</name>
         <load_address>0x11048</load_address>
         <run_address>0x11048</run_address>
         <size>0x1e8</size>
         <input_file_ref idref="fl-4"/>
      </object_component>
      <object_component id="oc-62f">
         <name>.text:disk_ioctl</name>
         <load_address>0x11230</load_address>
         <run_address>0x11230</run_address>
         <size>0x184</size>
         <input_file_ref idref="fl-3"/>
      </object_component>
      <object_component id="oc-63a">
         <name>.text:disk_initialize</name>
         <load_address>0x113b4</load_address>
         <run_address>0x113b4</run_address>
         <size>0x15e</size>
         <input_file_ref idref="fl-3"/>
      </object_component>
      <object_component id="oc-650">
         <name>.text:create_name</name>
         <load_address>0x11512</load_address>
         <run_address>0x11512</run_address>
         <size>0x15c</size>
         <input_file_ref idref="fl-4"/>
      </object_component>
      <object_component id="oc-707">
         <name>.text:dir_next</name>
         <load_address>0x1166e</load_address>
         <run_address>0x1166e</run_address>
         <size>0x15c</size>
         <input_file_ref idref="fl-4"/>
      </object_component>
      <object_component id="oc-672">
         <name>.text:put_fat</name>
         <load_address>0x117ca</load_address>
         <run_address>0x117ca</run_address>
         <size>0x158</size>
         <input_file_ref idref="fl-4"/>
      </object_component>
      <object_component id="oc-596">
         <name>.text:get_fat</name>
         <load_address>0x11922</load_address>
         <run_address>0x11922</run_address>
         <size>0x12e</size>
         <input_file_ref idref="fl-4"/>
      </object_component>
      <object_component id="oc-590">
         <name>.text:create_chain</name>
         <load_address>0x11a50</load_address>
         <run_address>0x11a50</run_address>
         <size>0x12a</size>
         <input_file_ref idref="fl-4"/>
      </object_component>
      <object_component id="oc-480">
         <name>.text:f_sync</name>
         <load_address>0x11b7a</load_address>
         <run_address>0x11b7a</run_address>
         <size>0x11c</size>
         <input_file_ref idref="fl-4"/>
      </object_component>
      <object_component id="oc-56c">
         <name>.text:get_fileinfo</name>
         <load_address>0x11c96</load_address>
         <run_address>0x11c96</run_address>
         <size>0xfa</size>
         <input_file_ref idref="fl-4"/>
      </object_component>
      <object_component id="oc-65c">
         <name>.text:dir_sdi</name>
         <load_address>0x11d90</load_address>
         <run_address>0x11d90</run_address>
         <size>0xe6</size>
         <input_file_ref idref="fl-4"/>
      </object_component>
      <object_component id="oc-531">
         <name>.text:sync_fs</name>
         <load_address>0x11e76</load_address>
         <run_address>0x11e76</run_address>
         <size>0xe6</size>
         <input_file_ref idref="fl-4"/>
      </object_component>
      <object_component id="oc-519">
         <name>.text:disk_write</name>
         <load_address>0x11f5c</load_address>
         <run_address>0x11f5c</run_address>
         <size>0xdc</size>
         <input_file_ref idref="fl-3"/>
      </object_component>
      <object_component id="oc-5a7">
         <name>.text:disk_read</name>
         <load_address>0x12038</load_address>
         <run_address>0x12038</run_address>
         <size>0xa0</size>
         <input_file_ref idref="fl-3"/>
      </object_component>
      <object_component id="oc-57f">
         <name>.text:remove_chain</name>
         <load_address>0x120d8</load_address>
         <run_address>0x120d8</run_address>
         <size>0xa0</size>
         <input_file_ref idref="fl-4"/>
      </object_component>
      <object_component id="oc-566">
         <name>.text:follow_path</name>
         <load_address>0x12178</load_address>
         <run_address>0x12178</run_address>
         <size>0x92</size>
         <input_file_ref idref="fl-4"/>
      </object_component>
      <object_component id="oc-620">
         <name>.text:sync_window</name>
         <load_address>0x1220a</load_address>
         <run_address>0x1220a</run_address>
         <size>0x8a</size>
         <input_file_ref idref="fl-4"/>
      </object_component>
      <object_component id="oc-640">
         <name>.text:check_fs</name>
         <load_address>0x12294</load_address>
         <run_address>0x12294</run_address>
         <size>0x82</size>
         <input_file_ref idref="fl-4"/>
      </object_component>
      <object_component id="oc-499">
         <name>.text:f_mount</name>
         <load_address>0x12316</load_address>
         <run_address>0x12316</run_address>
         <size>0x7e</size>
         <input_file_ref idref="fl-4"/>
      </object_component>
      <object_component id="oc-606">
         <name>.text:send_cmd</name>
         <load_address>0x12394</load_address>
         <run_address>0x12394</run_address>
         <size>0x7e</size>
         <input_file_ref idref="fl-3"/>
      </object_component>
      <object_component id="oc-71">
         <name>.text:decompress:lzss:__TI_decompress_lzss</name>
         <load_address>0x12412</load_address>
         <run_address>0x12412</run_address>
         <size>0x76</size>
         <input_file_ref idref="fl-25"/>
      </object_component>
      <object_component id="oc-656">
         <name>.text:dir_find</name>
         <load_address>0x12488</load_address>
         <run_address>0x12488</run_address>
         <size>0x68</size>
         <input_file_ref idref="fl-4"/>
      </object_component>
      <object_component id="oc-4aa">
         <name>.text:f_stat</name>
         <load_address>0x124f0</load_address>
         <run_address>0x124f0</run_address>
         <size>0x60</size>
         <input_file_ref idref="fl-4"/>
      </object_component>
      <object_component id="oc-54c">
         <name>.text:get_ldnumber</name>
         <load_address>0x12550</load_address>
         <run_address>0x12550</run_address>
         <size>0x5a</size>
         <input_file_ref idref="fl-4"/>
      </object_component>
      <object_component id="oc-58b">
         <name>.text</name>
         <load_address>0x125aa</load_address>
         <run_address>0x125aa</run_address>
         <size>0x58</size>
         <input_file_ref idref="fl-41"/>
      </object_component>
      <object_component id="oc-664">
         <name>.text:dir_alloc</name>
         <load_address>0x12602</load_address>
         <run_address>0x12602</run_address>
         <size>0x56</size>
         <input_file_ref idref="fl-4"/>
      </object_component>
      <object_component id="oc-6e1">
         <name>.text:power_on</name>
         <load_address>0x12658</load_address>
         <run_address>0x12658</run_address>
         <size>0x56</size>
         <input_file_ref idref="fl-3"/>
      </object_component>
      <object_component id="oc-60c">
         <name>.text:xmit_datablock</name>
         <load_address>0x126ae</load_address>
         <run_address>0x126ae</run_address>
         <size>0x56</size>
         <input_file_ref idref="fl-3"/>
      </object_component>
      <object_component id="oc-4f9">
         <name>.text:__TI_auto_init_nobinit_nopinit_hold_wdt:__TI_auto_init_nobinit_nopinit_hold_wdt</name>
         <load_address>0x12704</load_address>
         <run_address>0x12704</run_address>
         <size>0x54</size>
         <input_file_ref idref="fl-4b"/>
      </object_component>
      <object_component id="oc-51f">
         <name>.text:move_window</name>
         <load_address>0x12758</load_address>
         <run_address>0x12758</run_address>
         <size>0x54</size>
         <input_file_ref idref="fl-4"/>
      </object_component>
      <object_component id="oc-573">
         <name>.text:dir_register</name>
         <load_address>0x127ac</load_address>
         <run_address>0x127ac</run_address>
         <size>0x4e</size>
         <input_file_ref idref="fl-4"/>
      </object_component>
      <object_component id="oc-5b0">
         <name>.text:putc_bfd</name>
         <load_address>0x127fa</load_address>
         <run_address>0x127fa</run_address>
         <size>0x4e</size>
         <input_file_ref idref="fl-4"/>
      </object_component>
      <object_component id="oc-67f">
         <name>.text:rcvr_datablock</name>
         <load_address>0x12848</load_address>
         <run_address>0x12848</run_address>
         <size>0x4c</size>
         <input_file_ref idref="fl-3"/>
      </object_component>
      <object_component id="oc-59c">
         <name>.text:clust2sect</name>
         <load_address>0x12894</load_address>
         <run_address>0x12894</run_address>
         <size>0x3e</size>
         <input_file_ref idref="fl-4"/>
      </object_component>
      <object_component id="oc-585">
         <name>.text:l_lsl_const</name>
         <load_address>0x128d2</load_address>
         <run_address>0x128d2</run_address>
         <size>0x3e</size>
         <input_file_ref idref="fl-46"/>
      </object_component>
      <object_component id="oc-5a2">
         <name>.text:l_lsr_const</name>
         <load_address>0x12910</load_address>
         <run_address>0x12910</run_address>
         <size>0x3e</size>
         <input_file_ref idref="fl-47"/>
      </object_component>
      <object_component id="oc-685">
         <name>.text:send_cmd12</name>
         <load_address>0x1294e</load_address>
         <run_address>0x1294e</run_address>
         <size>0x34</size>
         <input_file_ref idref="fl-3"/>
      </object_component>
      <object_component id="oc-486">
         <name>.text:validate</name>
         <load_address>0x12982</load_address>
         <run_address>0x12982</run_address>
         <size>0x34</size>
         <input_file_ref idref="fl-4"/>
      </object_component>
      <object_component id="oc-579">
         <name>.text:ld_clust</name>
         <load_address>0x129b6</load_address>
         <run_address>0x129b6</run_address>
         <size>0x30</size>
         <input_file_ref idref="fl-4"/>
      </object_component>
      <object_component id="oc-618">
         <name>.text:rcvr_spi</name>
         <load_address>0x129e6</load_address>
         <run_address>0x129e6</run_address>
         <size>0x2c</size>
         <input_file_ref idref="fl-3"/>
      </object_component>
      <object_component id="oc-4a5">
         <name>.text</name>
         <load_address>0x12a12</load_address>
         <run_address>0x12a12</run_address>
         <size>0x2c</size>
         <input_file_ref idref="fl-3f"/>
      </object_component>
      <object_component id="oc-4c2">
         <name>.text:i2cRead</name>
         <load_address>0x12a3e</load_address>
         <run_address>0x12a3e</run_address>
         <size>0x28</size>
         <input_file_ref idref="fl-2"/>
      </object_component>
      <object_component id="oc-646">
         <name>.text</name>
         <load_address>0x12a66</load_address>
         <run_address>0x12a66</run_address>
         <size>0x26</size>
         <input_file_ref idref="fl-45"/>
      </object_component>
      <object_component id="oc-6c2">
         <name>.text:xmit_spi</name>
         <load_address>0x12a8c</load_address>
         <run_address>0x12a8c</run_address>
         <size>0x26</size>
         <input_file_ref idref="fl-3"/>
      </object_component>
      <object_component id="oc-3df">
         <name>.text:decompress:ZI:__TI_zero_init</name>
         <load_address>0x12ab2</load_address>
         <run_address>0x12ab2</run_address>
         <size>0x24</size>
         <input_file_ref idref="fl-3e"/>
      </object_component>
      <object_component id="oc-4bc">
         <name>.text:i2cWrite</name>
         <load_address>0x12ad6</load_address>
         <run_address>0x12ad6</run_address>
         <size>0x24</size>
         <input_file_ref idref="fl-2"/>
      </object_component>
      <object_component id="oc-42a">
         <name>.text:f_close</name>
         <load_address>0x12afa</load_address>
         <run_address>0x12afa</run_address>
         <size>0x20</size>
         <input_file_ref idref="fl-4"/>
      </object_component>
      <object_component id="oc-6bc">
         <name>.text:wait_ready</name>
         <load_address>0x12b1a</load_address>
         <run_address>0x12b1a</run_address>
         <size>0x1e</size>
         <input_file_ref idref="fl-3"/>
      </object_component>
      <object_component id="oc-701">
         <name>.text:mem_cmp</name>
         <load_address>0x12b38</load_address>
         <run_address>0x12b38</run_address>
         <size>0x1c</size>
         <input_file_ref idref="fl-4"/>
      </object_component>
      <object_component id="oc-491">
         <name>.text:i2cInit</name>
         <load_address>0x12b54</load_address>
         <run_address>0x12b54</run_address>
         <size>0x1a</size>
         <input_file_ref idref="fl-2"/>
      </object_component>
      <object_component id="oc-6fa">
         <name>.text:chk_chr</name>
         <load_address>0x12b6e</load_address>
         <run_address>0x12b6e</run_address>
         <size>0x16</size>
         <input_file_ref idref="fl-4"/>
      </object_component>
      <object_component id="oc-560">
         <name>.text</name>
         <load_address>0x12b84</load_address>
         <run_address>0x12b84</run_address>
         <size>0x16</size>
         <input_file_ref idref="fl-40"/>
      </object_component>
      <object_component id="oc-525">
         <name>.text:st_clust</name>
         <load_address>0x12b9a</load_address>
         <run_address>0x12b9a</run_address>
         <size>0x16</size>
         <input_file_ref idref="fl-4"/>
      </object_component>
      <object_component id="oc-629">
         <name>.text:mem_set</name>
         <load_address>0x12bb0</load_address>
         <run_address>0x12bb0</run_address>
         <size>0x14</size>
         <input_file_ref idref="fl-4"/>
      </object_component>
      <object_component id="oc-3b5">
         <name>.text:memcpy</name>
         <load_address>0x12bc4</load_address>
         <run_address>0x12bc4</run_address>
         <size>0x14</size>
         <input_file_ref idref="fl-52"/>
      </object_component>
      <object_component id="oc-5b6">
         <name>.text</name>
         <load_address>0x12bd8</load_address>
         <run_address>0x12bd8</run_address>
         <size>0x14</size>
         <input_file_ref idref="fl-44"/>
      </object_component>
      <object_component id="oc-6e8">
         <name>.text:send_initial_clock_train</name>
         <load_address>0x12bec</load_address>
         <run_address>0x12bec</run_address>
         <size>0x14</size>
         <input_file_ref idref="fl-3"/>
      </object_component>
      <object_component id="oc-77">
         <name>.text:decompress:none:__TI_decompress_none</name>
         <load_address>0x12c00</load_address>
         <run_address>0x12c00</run_address>
         <size>0x12</size>
         <input_file_ref idref="fl-26"/>
      </object_component>
      <object_component id="oc-66a">
         <name>.text:mem_cpy</name>
         <load_address>0x12c12</load_address>
         <run_address>0x12c12</run_address>
         <size>0x12</size>
         <input_file_ref idref="fl-4"/>
      </object_component>
      <object_component id="oc-6ee">
         <name>.text:set_max_speed</name>
         <load_address>0x12c24</load_address>
         <run_address>0x12c24</run_address>
         <size>0x12</size>
         <input_file_ref idref="fl-3"/>
      </object_component>
      <object_component id="oc-6d0">
         <name>.text:l_lsl</name>
         <load_address>0x12c36</load_address>
         <run_address>0x12c36</run_address>
         <size>0x10</size>
         <input_file_ref idref="fl-46"/>
      </object_component>
      <object_component id="oc-538">
         <name>.text:disk_status</name>
         <load_address>0x12c46</load_address>
         <run_address>0x12c46</run_address>
         <size>0xe</size>
         <input_file_ref idref="fl-3"/>
      </object_component>
      <object_component id="oc-712">
         <name>.text:rcvr_spi_m</name>
         <load_address>0x12c54</load_address>
         <run_address>0x12c54</run_address>
         <size>0xc</size>
         <input_file_ref idref="fl-3"/>
      </object_component>
      <object_component id="oc-52b">
         <name>.text:get_fattime</name>
         <load_address>0x12c60</load_address>
         <run_address>0x12c60</run_address>
         <size>0xa</size>
         <input_file_ref idref="fl-3"/>
      </object_component>
      <object_component id="oc-612">
         <name>.text:DESELECT</name>
         <load_address>0x12c6a</load_address>
         <run_address>0x12c6a</run_address>
         <size>0x8</size>
         <input_file_ref idref="fl-3"/>
      </object_component>
      <object_component id="oc-600">
         <name>.text:SELECT</name>
         <load_address>0x12c72</load_address>
         <run_address>0x12c72</run_address>
         <size>0x8</size>
         <input_file_ref idref="fl-3"/>
      </object_component>
      <object_component id="oc-4d5">
         <name>.text:abort</name>
         <load_address>0x12c7a</load_address>
         <run_address>0x12c7a</run_address>
         <size>0x6</size>
         <input_file_ref idref="fl-4f"/>
      </object_component>
      <object_component id="oc-6d5">
         <name>.text:chk_power</name>
         <load_address>0x12c80</load_address>
         <run_address>0x12c80</run_address>
         <size>0x6</size>
         <input_file_ref idref="fl-3"/>
      </object_component>
      <object_component id="oc-6db">
         <name>.text:power_off</name>
         <load_address>0x12c86</load_address>
         <run_address>0x12c86</run_address>
         <size>0x6</size>
         <input_file_ref idref="fl-3"/>
      </object_component>
      <object_component id="oc-43f">
         <name>.text:_system_pre_init</name>
         <load_address>0x12c8c</load_address>
         <run_address>0x12c8c</run_address>
         <size>0x4</size>
         <input_file_ref idref="fl-4d"/>
      </object_component>
      <object_component id="oc-5d9">
         <name>.text:_system_post_cinit</name>
         <load_address>0x12c90</load_address>
         <run_address>0x12c90</run_address>
         <size>0x2</size>
         <input_file_ref idref="fl-4c"/>
      </object_component>
      <object_component id="oc-5fd">
         <name>.bss</name>
         <uninitialized>true</uninitialized>
         <run_address>0x2064</run_address>
         <size>0x3</size>
         <input_file_ref idref="fl-3"/>
      </object_component>
      <object_component id="oc-552">
         <name>.bss:FatFs</name>
         <uninitialized>true</uninitialized>
         <run_address>0x2060</run_address>
         <size>0x4</size>
         <input_file_ref idref="fl-4"/>
      </object_component>
      <object_component id="oc-64b">
         <name>.bss</name>
         <uninitialized>true</uninitialized>
         <run_address>0x2068</run_address>
         <size>0x2</size>
         <input_file_ref idref="fl-4"/>
      </object_component>
      <object_component id="oc-497">
         <name>.common:sdVolume</name>
         <uninitialized>true</uninitialized>
         <run_address>0x1c00</run_address>
         <size>0x22e</size>
      </object_component>
      <object_component id="oc-427">
         <name>.common:logfile</name>
         <uninitialized>true</uninitialized>
         <run_address>0x1e2e</run_address>
         <size>0x224</size>
      </object_component>
      <object_component id="oc-433">
         <name>.common:RX_Data</name>
         <uninitialized>true</uninitialized>
         <run_address>0x2052</run_address>
         <size>0xe</size>
      </object_component>
      <object_component id="oc-435">
         <name>.common:TX_Data</name>
         <uninitialized>true</uninitialized>
         <run_address>0x206a</run_address>
         <size>0x2</size>
      </object_component>
      <object_component id="oc-432">
         <name>.common:RX_ByteCtr</name>
         <uninitialized>true</uninitialized>
         <run_address>0x2067</run_address>
         <size>0x1</size>
      </object_component>
      <object_component id="oc-434">
         <name>.common:TX_ByteCtr</name>
         <uninitialized>true</uninitialized>
         <run_address>0x2078</run_address>
         <size>0x1</size>
      </object_component>
      <object_component id="oc-4c8">
         <name>.common:xAccel</name>
         <uninitialized>true</uninitialized>
         <run_address>0x206c</run_address>
         <size>0x2</size>
      </object_component>
      <object_component id="oc-4c9">
         <name>.common:yAccel</name>
         <uninitialized>true</uninitialized>
         <run_address>0x2070</run_address>
         <size>0x2</size>
      </object_component>
      <object_component id="oc-4ca">
         <name>.common:zAccel</name>
         <uninitialized>true</uninitialized>
         <run_address>0x2074</run_address>
         <size>0x2</size>
      </object_component>
      <object_component id="oc-4cb">
         <name>.common:xGyro</name>
         <uninitialized>true</uninitialized>
         <run_address>0x206e</run_address>
         <size>0x2</size>
      </object_component>
      <object_component id="oc-4cc">
         <name>.common:yGyro</name>
         <uninitialized>true</uninitialized>
         <run_address>0x2072</run_address>
         <size>0x2</size>
      </object_component>
      <object_component id="oc-4cd">
         <name>.common:zGyro</name>
         <uninitialized>true</uninitialized>
         <run_address>0x2076</run_address>
         <size>0x2</size>
      </object_component>
      <object_component id="oc-49f">
         <name>.data</name>
         <load_address>0x207a</load_address>
         <run_address>0x207a</run_address>
         <size>0x7</size>
         <input_file_ref idref="fl-2"/>
      </object_component>
      <object_component id="oc-5fa">
         <name>.data</name>
         <load_address>0x2081</load_address>
         <run_address>0x2081</run_address>
         <size>0x2</size>
         <input_file_ref idref="fl-3"/>
      </object_component>
      <object_component id="oc-3a6">
         <name>.stack</name>
         <uninitialized>true</uninitialized>
         <run_address>0x2360</run_address>
         <size>0x4</size>
         <input_file_ref idref="fl-48"/>
      </object_component>
      <object_component id="oc-7a0">
         <name>.stack</name>
         <uninitialized>true</uninitialized>
         <run_address>0x2360</run_address>
         <size>0x0</size>
      </object_component>
      <object_component id="oc-7d">
         <name>.int30</name>
         <load_address>0xffcc</load_address>
         <run_address>0xffcc</run_address>
         <size>0x2</size>
         <input_file_ref idref="fl-27"/>
      </object_component>
      <object_component id="oc-7e">
         <name>.int31</name>
         <load_address>0xffce</load_address>
         <run_address>0xffce</run_address>
         <size>0x2</size>
         <input_file_ref idref="fl-29"/>
      </object_component>
      <object_component id="oc-7f">
         <name>.int32</name>
         <load_address>0xffd0</load_address>
         <run_address>0xffd0</run_address>
         <size>0x2</size>
         <input_file_ref idref="fl-2"/>
      </object_component>
      <object_component id="oc-80">
         <name>.int33</name>
         <load_address>0xffd2</load_address>
         <run_address>0xffd2</run_address>
         <size>0x2</size>
         <input_file_ref idref="fl-2a"/>
      </object_component>
      <object_component id="oc-81">
         <name>.int34</name>
         <load_address>0xffd4</load_address>
         <run_address>0xffd4</run_address>
         <size>0x2</size>
         <input_file_ref idref="fl-2b"/>
      </object_component>
      <object_component id="oc-82">
         <name>.int35</name>
         <load_address>0xffd6</load_address>
         <run_address>0xffd6</run_address>
         <size>0x2</size>
         <input_file_ref idref="fl-2c"/>
      </object_component>
      <object_component id="oc-83">
         <name>.int36</name>
         <load_address>0xffd8</load_address>
         <run_address>0xffd8</run_address>
         <size>0x2</size>
         <input_file_ref idref="fl-2d"/>
      </object_component>
      <object_component id="oc-84">
         <name>.int37</name>
         <load_address>0xffda</load_address>
         <run_address>0xffda</run_address>
         <size>0x2</size>
         <input_file_ref idref="fl-2e"/>
      </object_component>
      <object_component id="oc-85">
         <name>.int38</name>
         <load_address>0xffdc</load_address>
         <run_address>0xffdc</run_address>
         <size>0x2</size>
         <input_file_ref idref="fl-2f"/>
      </object_component>
      <object_component id="oc-86">
         <name>.int39</name>
         <load_address>0xffde</load_address>
         <run_address>0xffde</run_address>
         <size>0x2</size>
         <input_file_ref idref="fl-2"/>
      </object_component>
      <object_component id="oc-87">
         <name>.int40</name>
         <load_address>0xffe0</load_address>
         <run_address>0xffe0</run_address>
         <size>0x2</size>
         <input_file_ref idref="fl-30"/>
      </object_component>
      <object_component id="oc-88">
         <name>.int41</name>
         <load_address>0xffe2</load_address>
         <run_address>0xffe2</run_address>
         <size>0x2</size>
         <input_file_ref idref="fl-31"/>
      </object_component>
      <object_component id="oc-89">
         <name>.int42</name>
         <load_address>0xffe4</load_address>
         <run_address>0xffe4</run_address>
         <size>0x2</size>
         <input_file_ref idref="fl-32"/>
      </object_component>
      <object_component id="oc-8a">
         <name>.int43</name>
         <load_address>0xffe6</load_address>
         <run_address>0xffe6</run_address>
         <size>0x2</size>
         <input_file_ref idref="fl-33"/>
      </object_component>
      <object_component id="oc-8b">
         <name>.int44</name>
         <load_address>0xffe8</load_address>
         <run_address>0xffe8</run_address>
         <size>0x2</size>
         <input_file_ref idref="fl-34"/>
      </object_component>
      <object_component id="oc-8c">
         <name>.int45</name>
         <load_address>0xffea</load_address>
         <run_address>0xffea</run_address>
         <size>0x2</size>
         <input_file_ref idref="fl-35"/>
      </object_component>
      <object_component id="oc-8d">
         <name>.int46</name>
         <load_address>0xffec</load_address>
         <run_address>0xffec</run_address>
         <size>0x2</size>
         <input_file_ref idref="fl-36"/>
      </object_component>
      <object_component id="oc-8e">
         <name>.int47</name>
         <load_address>0xffee</load_address>
         <run_address>0xffee</run_address>
         <size>0x2</size>
         <input_file_ref idref="fl-2"/>
      </object_component>
      <object_component id="oc-8f">
         <name>.int48</name>
         <load_address>0xfff0</load_address>
         <run_address>0xfff0</run_address>
         <size>0x2</size>
         <input_file_ref idref="fl-37"/>
      </object_component>
      <object_component id="oc-90">
         <name>.int49</name>
         <load_address>0xfff2</load_address>
         <run_address>0xfff2</run_address>
         <size>0x2</size>
         <input_file_ref idref="fl-38"/>
      </object_component>
      <object_component id="oc-91">
         <name>.int50</name>
         <load_address>0xfff4</load_address>
         <run_address>0xfff4</run_address>
         <size>0x2</size>
         <input_file_ref idref="fl-39"/>
      </object_component>
      <object_component id="oc-92">
         <name>.int51</name>
         <load_address>0xfff6</load_address>
         <run_address>0xfff6</run_address>
         <size>0x2</size>
         <input_file_ref idref="fl-3a"/>
      </object_component>
      <object_component id="oc-93">
         <name>.int52</name>
         <load_address>0xfff8</load_address>
         <run_address>0xfff8</run_address>
         <size>0x2</size>
         <input_file_ref idref="fl-3b"/>
      </object_component>
      <object_component id="oc-94">
         <name>.int53</name>
         <load_address>0xfffa</load_address>
         <run_address>0xfffa</run_address>
         <size>0x2</size>
         <input_file_ref idref="fl-3c"/>
      </object_component>
      <object_component id="oc-95">
         <name>.int54</name>
         <load_address>0xfffc</load_address>
         <run_address>0xfffc</run_address>
         <size>0x2</size>
         <input_file_ref idref="fl-3d"/>
      </object_component>
      <object_component id="oc-3a9">
         <name>.reset</name>
         <load_address>0xfffe</load_address>
         <run_address>0xfffe</run_address>
         <size>0x2</size>
         <input_file_ref idref="fl-48"/>
      </object_component>
      <object_component id="oc-428">
         <name>.debug_info</name>
         <load_address>0x0</load_address>
         <run_address>0x0</run_address>
         <size>0x8a5</size>
         <input_file_ref idref="fl-2"/>
      </object_component>
      <object_component id="oc-4a0">
         <name>.debug_info</name>
         <load_address>0x8a5</load_address>
         <run_address>0x8a5</run_address>
         <size>0x11e</size>
         <input_file_ref idref="fl-2"/>
      </object_component>
      <object_component id="oc-4a3">
         <name>.debug_info</name>
         <load_address>0x9c3</load_address>
         <run_address>0x9c3</run_address>
         <size>0xd3</size>
         <input_file_ref idref="fl-2"/>
      </object_component>
      <object_component id="oc-492">
         <name>.debug_info</name>
         <load_address>0xa96</load_address>
         <run_address>0xa96</run_address>
         <size>0x104</size>
         <input_file_ref idref="fl-2"/>
      </object_component>
      <object_component id="oc-4bd">
         <name>.debug_info</name>
         <load_address>0xb9a</load_address>
         <run_address>0xb9a</run_address>
         <size>0x134</size>
         <input_file_ref idref="fl-2"/>
      </object_component>
      <object_component id="oc-4c3">
         <name>.debug_info</name>
         <load_address>0xcce</load_address>
         <run_address>0xcce</run_address>
         <size>0x132</size>
         <input_file_ref idref="fl-2"/>
      </object_component>
      <object_component id="oc-446">
         <name>.debug_info</name>
         <load_address>0xe00</load_address>
         <run_address>0xe00</run_address>
         <size>0x412</size>
         <input_file_ref idref="fl-2"/>
      </object_component>
      <object_component id="oc-3d4">
         <name>.debug_info</name>
         <load_address>0x1212</load_address>
         <run_address>0x1212</run_address>
         <size>0x110</size>
         <input_file_ref idref="fl-2"/>
      </object_component>
      <object_component id="oc-3c8">
         <name>.debug_info</name>
         <load_address>0x1322</load_address>
         <run_address>0x1322</run_address>
         <size>0x11a</size>
         <input_file_ref idref="fl-2"/>
      </object_component>
      <object_component id="oc-3ce">
         <name>.debug_info</name>
         <load_address>0x143c</load_address>
         <run_address>0x143c</run_address>
         <size>0x11a</size>
         <input_file_ref idref="fl-2"/>
      </object_component>
      <object_component id="oc-46c">
         <name>.debug_info</name>
         <load_address>0x1556</load_address>
         <run_address>0x1556</run_address>
         <size>0x4b1</size>
         <input_file_ref idref="fl-2"/>
      </object_component>
      <object_component id="oc-471">
         <name>.debug_info</name>
         <load_address>0x1a07</load_address>
         <run_address>0x1a07</run_address>
         <size>0xb0</size>
         <input_file_ref idref="fl-2"/>
      </object_component>
      <object_component id="oc-546">
         <name>.debug_info</name>
         <load_address>0x1ab7</load_address>
         <run_address>0x1ab7</run_address>
         <size>0x70</size>
         <input_file_ref idref="fl-2"/>
      </object_component>
      <object_component id="oc-47b">
         <name>.debug_info</name>
         <load_address>0x1b27</load_address>
         <run_address>0x1b27</run_address>
         <size>0x26b</size>
         <input_file_ref idref="fl-2"/>
      </object_component>
      <object_component id="oc-3b0">
         <name>.debug_info</name>
         <load_address>0x1d92</load_address>
         <run_address>0x1d92</run_address>
         <size>0x84</size>
         <input_file_ref idref="fl-2"/>
      </object_component>
      <object_component id="oc-514">
         <name>.debug_info</name>
         <load_address>0x1e16</load_address>
         <run_address>0x1e16</run_address>
         <size>0x282</size>
         <input_file_ref idref="fl-2"/>
      </object_component>
      <object_component id="oc-476">
         <name>.debug_info</name>
         <load_address>0x2098</load_address>
         <run_address>0x2098</run_address>
         <size>0xbb</size>
         <input_file_ref idref="fl-2"/>
      </object_component>
      <object_component id="oc-61f">
         <name>.debug_info</name>
         <load_address>0x2153</load_address>
         <run_address>0x2153</run_address>
         <size>0x3ba</size>
         <input_file_ref idref="fl-3"/>
      </object_component>
      <object_component id="oc-5fb">
         <name>.debug_info</name>
         <load_address>0x250d</load_address>
         <run_address>0x250d</run_address>
         <size>0x105</size>
         <input_file_ref idref="fl-3"/>
      </object_component>
      <object_component id="oc-5fe">
         <name>.debug_info</name>
         <load_address>0x2612</load_address>
         <run_address>0x2612</run_address>
         <size>0x112</size>
         <input_file_ref idref="fl-3"/>
      </object_component>
      <object_component id="oc-52d">
         <name>.debug_info</name>
         <load_address>0x2724</load_address>
         <run_address>0x2724</run_address>
         <size>0x122</size>
         <input_file_ref idref="fl-3"/>
      </object_component>
      <object_component id="oc-601">
         <name>.debug_info</name>
         <load_address>0x2846</load_address>
         <run_address>0x2846</run_address>
         <size>0x110</size>
         <input_file_ref idref="fl-3"/>
      </object_component>
      <object_component id="oc-61a">
         <name>.debug_info</name>
         <load_address>0x2956</load_address>
         <run_address>0x2956</run_address>
         <size>0x142</size>
         <input_file_ref idref="fl-3"/>
      </object_component>
      <object_component id="oc-6be">
         <name>.debug_info</name>
         <load_address>0x2a98</load_address>
         <run_address>0x2a98</run_address>
         <size>0x149</size>
         <input_file_ref idref="fl-3"/>
      </object_component>
      <object_component id="oc-6c4">
         <name>.debug_info</name>
         <load_address>0x2be1</load_address>
         <run_address>0x2be1</run_address>
         <size>0x141</size>
         <input_file_ref idref="fl-3"/>
      </object_component>
      <object_component id="oc-607">
         <name>.debug_info</name>
         <load_address>0x2d22</load_address>
         <run_address>0x2d22</run_address>
         <size>0x20f</size>
         <input_file_ref idref="fl-3"/>
      </object_component>
      <object_component id="oc-60e">
         <name>.debug_info</name>
         <load_address>0x2f31</load_address>
         <run_address>0x2f31</run_address>
         <size>0x1fc</size>
         <input_file_ref idref="fl-3"/>
      </object_component>
      <object_component id="oc-613">
         <name>.debug_info</name>
         <load_address>0x312d</load_address>
         <run_address>0x312d</run_address>
         <size>0x114</size>
         <input_file_ref idref="fl-3"/>
      </object_component>
      <object_component id="oc-51a">
         <name>.debug_info</name>
         <load_address>0x3241</load_address>
         <run_address>0x3241</run_address>
         <size>0x277</size>
         <input_file_ref idref="fl-3"/>
      </object_component>
      <object_component id="oc-53a">
         <name>.debug_info</name>
         <load_address>0x34b8</load_address>
         <run_address>0x34b8</run_address>
         <size>0x146</size>
         <input_file_ref idref="fl-3"/>
      </object_component>
      <object_component id="oc-714">
         <name>.debug_info</name>
         <load_address>0x35fe</load_address>
         <run_address>0x35fe</run_address>
         <size>0x145</size>
         <input_file_ref idref="fl-3"/>
      </object_component>
      <object_component id="oc-681">
         <name>.debug_info</name>
         <load_address>0x3743</load_address>
         <run_address>0x3743</run_address>
         <size>0x1cc</size>
         <input_file_ref idref="fl-3"/>
      </object_component>
      <object_component id="oc-686">
         <name>.debug_info</name>
         <load_address>0x390f</load_address>
         <run_address>0x390f</run_address>
         <size>0x188</size>
         <input_file_ref idref="fl-3"/>
      </object_component>
      <object_component id="oc-5a9">
         <name>.debug_info</name>
         <load_address>0x3a97</load_address>
         <run_address>0x3a97</run_address>
         <size>0x253</size>
         <input_file_ref idref="fl-3"/>
      </object_component>
      <object_component id="oc-6d7">
         <name>.debug_info</name>
         <load_address>0x3cea</load_address>
         <run_address>0x3cea</run_address>
         <size>0x11a</size>
         <input_file_ref idref="fl-3"/>
      </object_component>
      <object_component id="oc-6dd">
         <name>.debug_info</name>
         <load_address>0x3e04</load_address>
         <run_address>0x3e04</run_address>
         <size>0x116</size>
         <input_file_ref idref="fl-3"/>
      </object_component>
      <object_component id="oc-6ea">
         <name>.debug_info</name>
         <load_address>0x3f1a</load_address>
         <run_address>0x3f1a</run_address>
         <size>0x152</size>
         <input_file_ref idref="fl-3"/>
      </object_component>
      <object_component id="oc-6e2">
         <name>.debug_info</name>
         <load_address>0x406c</load_address>
         <run_address>0x406c</run_address>
         <size>0x133</size>
         <input_file_ref idref="fl-3"/>
      </object_component>
      <object_component id="oc-630">
         <name>.debug_info</name>
         <load_address>0x419f</load_address>
         <run_address>0x419f</run_address>
         <size>0x2de</size>
         <input_file_ref idref="fl-3"/>
      </object_component>
      <object_component id="oc-6ef">
         <name>.debug_info</name>
         <load_address>0x447d</load_address>
         <run_address>0x447d</run_address>
         <size>0x11e</size>
         <input_file_ref idref="fl-3"/>
      </object_component>
      <object_component id="oc-63b">
         <name>.debug_info</name>
         <load_address>0x459b</load_address>
         <run_address>0x459b</run_address>
         <size>0x2b8</size>
         <input_file_ref idref="fl-3"/>
      </object_component>
      <object_component id="oc-48d">
         <name>.debug_info</name>
         <load_address>0x4853</load_address>
         <run_address>0x4853</run_address>
         <size>0x419</size>
         <input_file_ref idref="fl-4"/>
      </object_component>
      <object_component id="oc-553">
         <name>.debug_info</name>
         <load_address>0x4c6c</load_address>
         <run_address>0x4c6c</run_address>
         <size>0xd1</size>
         <input_file_ref idref="fl-4"/>
      </object_component>
      <object_component id="oc-64c">
         <name>.debug_info</name>
         <load_address>0x4d3d</load_address>
         <run_address>0x4d3d</run_address>
         <size>0xcf</size>
         <input_file_ref idref="fl-4"/>
      </object_component>
      <object_component id="oc-621">
         <name>.debug_info</name>
         <load_address>0x4e0c</load_address>
         <run_address>0x4e0c</run_address>
         <size>0x178</size>
         <input_file_ref idref="fl-4"/>
      </object_component>
      <object_component id="oc-520">
         <name>.debug_info</name>
         <load_address>0x4f84</load_address>
         <run_address>0x4f84</run_address>
         <size>0x194</size>
         <input_file_ref idref="fl-4"/>
      </object_component>
      <object_component id="oc-673">
         <name>.debug_info</name>
         <load_address>0x5118</load_address>
         <run_address>0x5118</run_address>
         <size>0x22b</size>
         <input_file_ref idref="fl-4"/>
      </object_component>
      <object_component id="oc-597">
         <name>.debug_info</name>
         <load_address>0x5343</load_address>
         <run_address>0x5343</run_address>
         <size>0x1f3</size>
         <input_file_ref idref="fl-4"/>
      </object_component>
      <object_component id="oc-487">
         <name>.debug_info</name>
         <load_address>0x5536</load_address>
         <run_address>0x5536</run_address>
         <size>0x14b</size>
         <input_file_ref idref="fl-4"/>
      </object_component>
      <object_component id="oc-591">
         <name>.debug_info</name>
         <load_address>0x5681</load_address>
         <run_address>0x5681</run_address>
         <size>0x1f0</size>
         <input_file_ref idref="fl-4"/>
      </object_component>
      <object_component id="oc-59d">
         <name>.debug_info</name>
         <load_address>0x5871</load_address>
         <run_address>0x5871</run_address>
         <size>0x16e</size>
         <input_file_ref idref="fl-4"/>
      </object_component>
      <object_component id="oc-66b">
         <name>.debug_info</name>
         <load_address>0x59df</load_address>
         <run_address>0x59df</run_address>
         <size>0x15b</size>
         <input_file_ref idref="fl-4"/>
      </object_component>
      <object_component id="oc-5bc">
         <name>.debug_info</name>
         <load_address>0x5b3a</load_address>
         <run_address>0x5b3a</run_address>
         <size>0x289</size>
         <input_file_ref idref="fl-4"/>
      </object_component>
      <object_component id="oc-54d">
         <name>.debug_info</name>
         <load_address>0x5dc3</load_address>
         <run_address>0x5dc3</run_address>
         <size>0x155</size>
         <input_file_ref idref="fl-4"/>
      </object_component>
      <object_component id="oc-641">
         <name>.debug_info</name>
         <load_address>0x5f18</load_address>
         <run_address>0x5f18</run_address>
         <size>0x151</size>
         <input_file_ref idref="fl-4"/>
      </object_component>
      <object_component id="oc-556">
         <name>.debug_info</name>
         <load_address>0x6069</load_address>
         <run_address>0x6069</run_address>
         <size>0x645</size>
         <input_file_ref idref="fl-4"/>
      </object_component>
      <object_component id="oc-62a">
         <name>.debug_info</name>
         <load_address>0x66ae</load_address>
         <run_address>0x66ae</run_address>
         <size>0x15f</size>
         <input_file_ref idref="fl-4"/>
      </object_component>
      <object_component id="oc-6fb">
         <name>.debug_info</name>
         <load_address>0x680d</load_address>
         <run_address>0x680d</run_address>
         <size>0x149</size>
         <input_file_ref idref="fl-4"/>
      </object_component>
      <object_component id="oc-651">
         <name>.debug_info</name>
         <load_address>0x6956</load_address>
         <run_address>0x6956</run_address>
         <size>0x1cb</size>
         <input_file_ref idref="fl-4"/>
      </object_component>
      <object_component id="oc-65d">
         <name>.debug_info</name>
         <load_address>0x6b21</load_address>
         <run_address>0x6b21</run_address>
         <size>0x19d</size>
         <input_file_ref idref="fl-4"/>
      </object_component>
      <object_component id="oc-702">
         <name>.debug_info</name>
         <load_address>0x6cbe</load_address>
         <run_address>0x6cbe</run_address>
         <size>0x16a</size>
         <input_file_ref idref="fl-4"/>
      </object_component>
      <object_component id="oc-708">
         <name>.debug_info</name>
         <load_address>0x6e28</load_address>
         <run_address>0x6e28</run_address>
         <size>0x1f8</size>
         <input_file_ref idref="fl-4"/>
      </object_component>
      <object_component id="oc-657">
         <name>.debug_info</name>
         <load_address>0x7020</load_address>
         <run_address>0x7020</run_address>
         <size>0x184</size>
         <input_file_ref idref="fl-4"/>
      </object_component>
      <object_component id="oc-57a">
         <name>.debug_info</name>
         <load_address>0x71a4</load_address>
         <run_address>0x71a4</run_address>
         <size>0x159</size>
         <input_file_ref idref="fl-4"/>
      </object_component>
      <object_component id="oc-567">
         <name>.debug_info</name>
         <load_address>0x72fd</load_address>
         <run_address>0x72fd</run_address>
         <size>0x1bb</size>
         <input_file_ref idref="fl-4"/>
      </object_component>
      <object_component id="oc-532">
         <name>.debug_info</name>
         <load_address>0x74b8</load_address>
         <run_address>0x74b8</run_address>
         <size>0x178</size>
         <input_file_ref idref="fl-4"/>
      </object_component>
      <object_component id="oc-580">
         <name>.debug_info</name>
         <load_address>0x7630</load_address>
         <run_address>0x7630</run_address>
         <size>0x19c</size>
         <input_file_ref idref="fl-4"/>
      </object_component>
      <object_component id="oc-526">
         <name>.debug_info</name>
         <load_address>0x77cc</load_address>
         <run_address>0x77cc</run_address>
         <size>0x14d</size>
         <input_file_ref idref="fl-4"/>
      </object_component>
      <object_component id="oc-481">
         <name>.debug_info</name>
         <load_address>0x7919</load_address>
         <run_address>0x7919</run_address>
         <size>0x260</size>
         <input_file_ref idref="fl-4"/>
      </object_component>
      <object_component id="oc-56d">
         <name>.debug_info</name>
         <load_address>0x7b79</load_address>
         <run_address>0x7b79</run_address>
         <size>0x191</size>
         <input_file_ref idref="fl-4"/>
      </object_component>
      <object_component id="oc-4ab">
         <name>.debug_info</name>
         <load_address>0x7d0a</load_address>
         <run_address>0x7d0a</run_address>
         <size>0x1b1</size>
         <input_file_ref idref="fl-4"/>
      </object_component>
      <object_component id="oc-665">
         <name>.debug_info</name>
         <load_address>0x7ebb</load_address>
         <run_address>0x7ebb</run_address>
         <size>0x196</size>
         <input_file_ref idref="fl-4"/>
      </object_component>
      <object_component id="oc-574">
         <name>.debug_info</name>
         <load_address>0x8051</load_address>
         <run_address>0x8051</run_address>
         <size>0x17e</size>
         <input_file_ref idref="fl-4"/>
      </object_component>
      <object_component id="oc-5b1">
         <name>.debug_info</name>
         <load_address>0x81cf</load_address>
         <run_address>0x81cf</run_address>
         <size>0x162</size>
         <input_file_ref idref="fl-4"/>
      </object_component>
      <object_component id="oc-4cf">
         <name>.debug_info</name>
         <load_address>0x8331</load_address>
         <run_address>0x8331</run_address>
         <size>0x311</size>
         <input_file_ref idref="fl-4"/>
      </object_component>
      <object_component id="oc-4b1">
         <name>.debug_info</name>
         <load_address>0x8642</load_address>
         <run_address>0x8642</run_address>
         <size>0x28a</size>
         <input_file_ref idref="fl-4"/>
      </object_component>
      <object_component id="oc-49a">
         <name>.debug_info</name>
         <load_address>0x88cc</load_address>
         <run_address>0x88cc</run_address>
         <size>0x1ac</size>
         <input_file_ref idref="fl-4"/>
      </object_component>
      <object_component id="oc-4b7">
         <name>.debug_info</name>
         <load_address>0x8a78</load_address>
         <run_address>0x8a78</run_address>
         <size>0x285</size>
         <input_file_ref idref="fl-4"/>
      </object_component>
      <object_component id="oc-42b">
         <name>.debug_info</name>
         <load_address>0x8cfd</load_address>
         <run_address>0x8cfd</run_address>
         <size>0x153</size>
         <input_file_ref idref="fl-4"/>
      </object_component>
      <object_component id="oc-541">
         <name>.debug_info</name>
         <load_address>0x8e50</load_address>
         <run_address>0x8e50</run_address>
         <size>0x8c</size>
         <input_file_ref idref="fl-4"/>
      </object_component>
      <object_component id="oc-5c2">
         <name>.debug_info</name>
         <load_address>0x8edc</load_address>
         <run_address>0x8edc</run_address>
         <size>0x2c</size>
         <input_file_ref idref="fl-4"/>
      </object_component>
      <object_component id="oc-41c">
         <name>.debug_info</name>
         <load_address>0x8f08</load_address>
         <run_address>0x8f08</run_address>
         <size>0x17b</size>
         <input_file_ref idref="fl-25"/>
      </object_component>
      <object_component id="oc-74">
         <name>.debug_info</name>
         <load_address>0x9083</load_address>
         <run_address>0x9083</run_address>
         <size>0x250</size>
         <input_file_ref idref="fl-25"/>
      </object_component>
      <object_component id="oc-3ab">
         <name>.debug_info</name>
         <load_address>0x92d3</load_address>
         <run_address>0x92d3</run_address>
         <size>0x60</size>
         <input_file_ref idref="fl-25"/>
      </object_component>
      <object_component id="oc-461">
         <name>.debug_info</name>
         <load_address>0x9333</load_address>
         <run_address>0x9333</run_address>
         <size>0x46</size>
         <input_file_ref idref="fl-25"/>
      </object_component>
      <object_component id="oc-417">
         <name>.debug_info</name>
         <load_address>0x9379</load_address>
         <run_address>0x9379</run_address>
         <size>0x39</size>
         <input_file_ref idref="fl-25"/>
      </object_component>
      <object_component id="oc-3c1">
         <name>.debug_info</name>
         <load_address>0x93b2</load_address>
         <run_address>0x93b2</run_address>
         <size>0x18f</size>
         <input_file_ref idref="fl-26"/>
      </object_component>
      <object_component id="oc-7a">
         <name>.debug_info</name>
         <load_address>0x9541</load_address>
         <run_address>0x9541</run_address>
         <size>0x1d3</size>
         <input_file_ref idref="fl-26"/>
      </object_component>
      <object_component id="oc-3bc">
         <name>.debug_info</name>
         <load_address>0x9714</load_address>
         <run_address>0x9714</run_address>
         <size>0x46</size>
         <input_file_ref idref="fl-26"/>
      </object_component>
      <object_component id="oc-3c3">
         <name>.debug_info</name>
         <load_address>0x975a</load_address>
         <run_address>0x975a</run_address>
         <size>0x10f</size>
         <input_file_ref idref="fl-28"/>
      </object_component>
      <object_component id="oc-43d">
         <name>.debug_info</name>
         <load_address>0x9869</load_address>
         <run_address>0x9869</run_address>
         <size>0x17f</size>
         <input_file_ref idref="fl-3e"/>
      </object_component>
      <object_component id="oc-3e0">
         <name>.debug_info</name>
         <load_address>0x99e8</load_address>
         <run_address>0x99e8</run_address>
         <size>0x1c5</size>
         <input_file_ref idref="fl-3e"/>
      </object_component>
      <object_component id="oc-438">
         <name>.debug_info</name>
         <load_address>0x9bad</load_address>
         <run_address>0x9bad</run_address>
         <size>0x46</size>
         <input_file_ref idref="fl-3e"/>
      </object_component>
      <object_component id="oc-4a6">
         <name>.debug_info</name>
         <load_address>0x9bf3</load_address>
         <run_address>0x9bf3</run_address>
         <size>0x135</size>
         <input_file_ref idref="fl-3f"/>
      </object_component>
      <object_component id="oc-561">
         <name>.debug_info</name>
         <load_address>0x9d28</load_address>
         <run_address>0x9d28</run_address>
         <size>0x121</size>
         <input_file_ref idref="fl-40"/>
      </object_component>
      <object_component id="oc-58c">
         <name>.debug_info</name>
         <load_address>0x9e49</load_address>
         <run_address>0x9e49</run_address>
         <size>0x123</size>
         <input_file_ref idref="fl-41"/>
      </object_component>
      <object_component id="oc-5b7">
         <name>.debug_info</name>
         <load_address>0x9f6c</load_address>
         <run_address>0x9f6c</run_address>
         <size>0x121</size>
         <input_file_ref idref="fl-44"/>
      </object_component>
      <object_component id="oc-647">
         <name>.debug_info</name>
         <load_address>0xa08d</load_address>
         <run_address>0xa08d</run_address>
         <size>0x121</size>
         <input_file_ref idref="fl-45"/>
      </object_component>
      <object_component id="oc-6d3">
         <name>.debug_info</name>
         <load_address>0xa1ae</load_address>
         <run_address>0xa1ae</run_address>
         <size>0x120</size>
         <input_file_ref idref="fl-46"/>
      </object_component>
      <object_component id="oc-586">
         <name>.debug_info</name>
         <load_address>0xa2ce</load_address>
         <run_address>0xa2ce</run_address>
         <size>0x126</size>
         <input_file_ref idref="fl-46"/>
      </object_component>
      <object_component id="oc-5a4">
         <name>.debug_info</name>
         <load_address>0xa3f4</load_address>
         <run_address>0xa3f4</run_address>
         <size>0x126</size>
         <input_file_ref idref="fl-47"/>
      </object_component>
      <object_component id="oc-3a7">
         <name>.debug_info</name>
         <load_address>0xa51a</load_address>
         <run_address>0xa51a</run_address>
         <size>0x100</size>
         <input_file_ref idref="fl-48"/>
      </object_component>
      <object_component id="oc-3ec">
         <name>.debug_info</name>
         <load_address>0xa61a</load_address>
         <run_address>0xa61a</run_address>
         <size>0x17a</size>
         <input_file_ref idref="fl-48"/>
      </object_component>
      <object_component id="oc-5e0">
         <name>.debug_info</name>
         <load_address>0xa794</load_address>
         <run_address>0xa794</run_address>
         <size>0x3fc</size>
         <input_file_ref idref="fl-4b"/>
      </object_component>
      <object_component id="oc-4fa">
         <name>.debug_info</name>
         <load_address>0xab90</load_address>
         <run_address>0xab90</run_address>
         <size>0x230</size>
         <input_file_ref idref="fl-4b"/>
      </object_component>
      <object_component id="oc-6a6">
         <name>.debug_info</name>
         <load_address>0xadc0</load_address>
         <run_address>0xadc0</run_address>
         <size>0x39</size>
         <input_file_ref idref="fl-4b"/>
      </object_component>
      <object_component id="oc-6b2">
         <name>.debug_info</name>
         <load_address>0xadf9</load_address>
         <run_address>0xadf9</run_address>
         <size>0x2c</size>
         <input_file_ref idref="fl-4b"/>
      </object_component>
      <object_component id="oc-5eb">
         <name>.debug_info</name>
         <load_address>0xae25</load_address>
         <run_address>0xae25</run_address>
         <size>0x2c</size>
         <input_file_ref idref="fl-4b"/>
      </object_component>
      <object_component id="oc-6ab">
         <name>.debug_info</name>
         <load_address>0xae51</load_address>
         <run_address>0xae51</run_address>
         <size>0xcd</size>
         <input_file_ref idref="fl-4b"/>
      </object_component>
      <object_component id="oc-5dc">
         <name>.debug_info</name>
         <load_address>0xaf1e</load_address>
         <run_address>0xaf1e</run_address>
         <size>0x150</size>
         <input_file_ref idref="fl-4c"/>
      </object_component>
      <object_component id="oc-443">
         <name>.debug_info</name>
         <load_address>0xb06e</load_address>
         <run_address>0xb06e</run_address>
         <size>0x153</size>
         <input_file_ref idref="fl-4d"/>
      </object_component>
      <object_component id="oc-41f">
         <name>.debug_info</name>
         <load_address>0xb1c1</load_address>
         <run_address>0xb1c1</run_address>
         <size>0x2c</size>
         <input_file_ref idref="fl-4e"/>
      </object_component>
      <object_component id="oc-4d7">
         <name>.debug_info</name>
         <load_address>0xb1ed</load_address>
         <run_address>0xb1ed</run_address>
         <size>0x122</size>
         <input_file_ref idref="fl-4f"/>
      </object_component>
      <object_component id="oc-41e">
         <name>.debug_info</name>
         <load_address>0xb30f</load_address>
         <run_address>0xb30f</run_address>
         <size>0x19a</size>
         <input_file_ref idref="fl-52"/>
      </object_component>
      <object_component id="oc-3b7">
         <name>.debug_info</name>
         <load_address>0xb4a9</load_address>
         <run_address>0xb4a9</run_address>
         <size>0x17a</size>
         <input_file_ref idref="fl-52"/>
      </object_component>
      <object_component id="oc-7a3">
         <name>.debug_info</name>
         <load_address>0xb623</load_address>
         <run_address>0xb623</run_address>
         <size>0xa2</size>
      </object_component>
      <object_component id="oc-46b">
         <name>.debug_line</name>
         <load_address>0x0</load_address>
         <run_address>0x0</run_address>
         <size>0x7f</size>
         <input_file_ref idref="fl-2"/>
      </object_component>
      <object_component id="oc-55d">
         <name>.debug_line</name>
         <load_address>0x7f</load_address>
         <run_address>0x7f</run_address>
         <size>0x30</size>
         <input_file_ref idref="fl-2"/>
      </object_component>
      <object_component id="oc-55f">
         <name>.debug_line</name>
         <load_address>0xaf</load_address>
         <run_address>0xaf</run_address>
         <size>0x30</size>
         <input_file_ref idref="fl-2"/>
      </object_component>
      <object_component id="oc-495">
         <name>.debug_line</name>
         <load_address>0xdf</load_address>
         <run_address>0xdf</run_address>
         <size>0x44</size>
         <input_file_ref idref="fl-2"/>
      </object_component>
      <object_component id="oc-4c0">
         <name>.debug_line</name>
         <load_address>0x123</load_address>
         <run_address>0x123</run_address>
         <size>0x47</size>
         <input_file_ref idref="fl-2"/>
      </object_component>
      <object_component id="oc-4c6">
         <name>.debug_line</name>
         <load_address>0x16a</load_address>
         <run_address>0x16a</run_address>
         <size>0x48</size>
         <input_file_ref idref="fl-2"/>
      </object_component>
      <object_component id="oc-44a">
         <name>.debug_line</name>
         <load_address>0x1b2</load_address>
         <run_address>0x1b2</run_address>
         <size>0x111</size>
         <input_file_ref idref="fl-2"/>
      </object_component>
      <object_component id="oc-3d8">
         <name>.debug_line</name>
         <load_address>0x2c3</load_address>
         <run_address>0x2c3</run_address>
         <size>0x5b</size>
         <input_file_ref idref="fl-2"/>
      </object_component>
      <object_component id="oc-3cb">
         <name>.debug_line</name>
         <load_address>0x31e</load_address>
         <run_address>0x31e</run_address>
         <size>0x48</size>
         <input_file_ref idref="fl-2"/>
      </object_component>
      <object_component id="oc-3d1">
         <name>.debug_line</name>
         <load_address>0x366</load_address>
         <run_address>0x366</run_address>
         <size>0x48</size>
         <input_file_ref idref="fl-2"/>
      </object_component>
      <object_component id="oc-46f">
         <name>.debug_line</name>
         <load_address>0x3ae</load_address>
         <run_address>0x3ae</run_address>
         <size>0x33</size>
         <input_file_ref idref="fl-2"/>
[...]
         <name>fram_ipe_start</name>
         <value>0x4400</value>
      </symbol>
      <symbol id="sm-30e">
         <name>fram_ipe_end</name>
         <value>0x4400</value>
      </symbol>
      <symbol id="sm-30f">
         <name>__TI_CINIT_Base</name>
         <value>0x44fa</value>
      </symbol>
      <symbol id="sm-310">
         <name>__TI_CINIT_Limit</name>
         <value>0x450a</value>
      </symbol>
      <symbol id="sm-311">
         <name>__TI_Handler_Table_Base</name>
         <value>0x44e8</value>
      </symbol>
      <symbol id="sm-312">
         <name>__TI_Handler_Table_Limit</name>
         <value>0x44f4</value>
      </symbol>
      <symbol id="sm-313">
         <name>__STACK_SIZE</name>
         <value>0xa0</value>
      </symbol>
      <symbol id="sm-314">
         <name>__STACK_END</name>
         <value>0x2400</value>
      </symbol>
      <symbol id="sm-315">
         <name>__c_args__</name>
         <value>0xffffffff</value>
      </symbol>
      <symbol id="sm-316">
         <name>__TI_pprof_out_hndl</name>
         <value>0xffffffff</value>
      </symbol>
      <symbol id="sm-317">
         <name>__TI_prof_data_start</name>
         <value>0xffffffff</value>
      </symbol>
      <symbol id="sm-318">
         <name>__TI_prof_data_size</name>
         <value>0xffffffff</value>
      </symbol>
      <symbol id="sm-3fc">
         <name>sdVolume</name>
         <value>0x1c00</value>
      </symbol>
      <symbol id="sm-3fd">
         <name>logfile</name>
         <value>0x1e2e</value>
      </symbol>
      <symbol id="sm-3fe">
         <name>RX_Data</name>
         <value>0x2052</value>
      </symbol>
      <symbol id="sm-3ff">
         <name>TX_Data</name>
         <value>0x206a</value>
      </symbol>
      <symbol id="sm-400">
         <name>RX_ByteCtr</name>
         <value>0x2067</value>
      </symbol>
      <symbol id="sm-401">
         <name>TX_ByteCtr</name>
         <value>0x2078</value>
      </symbol>
      <symbol id="sm-402">
         <name>xAccel</name>
         <value>0x206c</value>
      </symbol>
      <symbol id="sm-403">
         <name>yAccel</name>
         <value>0x2070</value>
      </symbol>
      <symbol id="sm-404">
         <name>zAccel</name>
         <value>0x2074</value>
      </symbol>
      <symbol id="sm-405">
         <name>xGyro</name>
         <value>0x206e</value>
      </symbol>
      <symbol id="sm-406">
         <name>yGyro</name>
         <value>0x2072</value>
      </symbol>
      <symbol id="sm-407">
         <name>zGyro</name>
         <value>0x2076</value>
      </symbol>
      <symbol id="sm-408">
         <name>i2cInit</name>
         <value>0x12b54</value>
         <object_component_ref idref="oc-491"/>
      </symbol>
      <symbol id="sm-409">
         <name>__TI_int39</name>
         <value>0xffde</value>
         <object_component_ref idref="oc-86"/>
      </symbol>
      <symbol id="sm-40a">
         <name>__TI_int32</name>
         <value>0xffd0</value>
         <object_component_ref idref="oc-7f"/>
      </symbol>
      <symbol id="sm-40b">
         <name>slaveAddress</name>
         <value>0x2080</value>
         <object_component_ref idref="oc-49f"/>
      </symbol>
      <symbol id="sm-40c">
         <name>__TI_int47</name>
         <value>0xffee</value>
         <object_component_ref idref="oc-8e"/>
      </symbol>
      <symbol id="sm-40d">
         <name>ISR_Port4_S1</name>
         <value>0x4498</value>
         <object_component_ref idref="oc-3c7"/>
      </symbol>
      <symbol id="sm-40e">
         <name>USCI_B0_ISR</name>
         <value>0x4400</value>
         <object_component_ref idref="oc-3d3"/>
      </symbol>
      <symbol id="sm-40f">
         <name>testFloat</name>
         <value>0x207c</value>
         <object_component_ref idref="oc-49f"/>
      </symbol>
      <symbol id="sm-410">
         <name>i2cWrite</name>
         <value>0x12ad6</value>
         <object_component_ref idref="oc-4bc"/>
      </symbol>
      <symbol id="sm-411">
         <name>main</name>
         <value>0x1053e</value>
         <object_component_ref idref="oc-445"/>
      </symbol>
      <symbol id="sm-412">
         <name>status</name>
         <value>0x207a</value>
         <object_component_ref idref="oc-49f"/>
      </symbol>
      <symbol id="sm-413">
         <name>i2cRead</name>
         <value>0x12a3e</value>
         <object_component_ref idref="oc-4c2"/>
      </symbol>
      <symbol id="sm-414">
         <name>ISR_Port1_S2</name>
         <value>0x4480</value>
         <object_component_ref idref="oc-3cd"/>
      </symbol>
      <symbol id="sm-523">
         <name>get_fattime</name>
         <value>0x12c60</value>
         <object_component_ref idref="oc-52b"/>
      </symbol>
      <symbol id="sm-524">
         <name>disk_status</name>
         <value>0x12c46</value>
         <object_component_ref idref="oc-538"/>
      </symbol>
      <symbol id="sm-525">
         <name>disk_read</name>
         <value>0x12038</value>
         <object_component_ref idref="oc-5a7"/>
      </symbol>
      <symbol id="sm-526">
         <name>disk_initialize</name>
         <value>0x113b4</value>
         <object_component_ref idref="oc-63a"/>
      </symbol>
      <symbol id="sm-527">
         <name>disk_ioctl</name>
         <value>0x11230</value>
         <object_component_ref idref="oc-62f"/>
      </symbol>
      <symbol id="sm-528">
         <name>disk_write</name>
         <value>0x11f5c</value>
         <object_component_ref idref="oc-519"/>
      </symbol>
      <symbol id="sm-7ae">
         <name>f_sync</name>
         <value>0x11b7a</value>
         <object_component_ref idref="oc-480"/>
      </symbol>
      <symbol id="sm-7af">
         <name>f_printf</name>
         <value>0x10890</value>
         <object_component_ref idref="oc-4ce"/>
      </symbol>
      <symbol id="sm-7b0">
         <name>clust2sect</name>
         <value>0x12894</value>
         <object_component_ref idref="oc-59c"/>
      </symbol>
      <symbol id="sm-7b1">
         <name>put_fat</name>
         <value>0x117ca</value>
         <object_component_ref idref="oc-672"/>
      </symbol>
      <symbol id="sm-7b2">
         <name>f_write</name>
         <value>0x10b64</value>
         <object_component_ref idref="oc-5bb"/>
      </symbol>
      <symbol id="sm-7b3">
         <name>f_close</name>
         <value>0x12afa</value>
         <object_component_ref idref="oc-42a"/>
      </symbol>
      <symbol id="sm-7b4">
         <name>f_open</name>
         <value>0x11048</value>
         <object_component_ref idref="oc-4b0"/>
      </symbol>
      <symbol id="sm-7b5">
         <name>f_lseek</name>
         <value>0x10dd8</value>
         <object_component_ref idref="oc-4b6"/>
      </symbol>
      <symbol id="sm-7b6">
         <name>f_stat</name>
         <value>0x124f0</value>
         <object_component_ref idref="oc-4aa"/>
      </symbol>
      <symbol id="sm-7b7">
         <name>f_mount</name>
         <value>0x12316</value>
         <object_component_ref idref="oc-499"/>
      </symbol>
      <symbol id="sm-7b8">
         <name>get_fat</name>
         <value>0x11922</value>
         <object_component_ref idref="oc-596"/>
      </symbol>
      <symbol id="sm-7db">
         <name>__TI_decompress_lzss</name>
         <value>0x12412</value>
         <object_component_ref idref="oc-71"/>
      </symbol>
      <symbol id="sm-7ec">
         <name>__TI_decompress_none</name>
         <value>0x12c00</value>
         <object_component_ref idref="oc-77"/>
      </symbol>
      <symbol id="sm-7ef">
         <name>__TI_int30</name>
         <value>0xffcc</value>
         <object_component_ref idref="oc-7d"/>
      </symbol>
      <symbol id="sm-7f7">
         <name>__TI_ISR_TRAP</name>
         <value>0x44b0</value>
         <object_component_ref idref="oc-3c2"/>
      </symbol>
      <symbol id="sm-7fa">
         <name>__TI_int31</name>
         <value>0xffce</value>
         <object_component_ref idref="oc-7e"/>
      </symbol>
      <symbol id="sm-7fd">
         <name>__TI_int33</name>
         <value>0xffd2</value>
         <object_component_ref idref="oc-80"/>
      </symbol>
      <symbol id="sm-800">
         <name>__TI_int34</name>
         <value>0xffd4</value>
         <object_component_ref idref="oc-81"/>
      </symbol>
      <symbol id="sm-803">
         <name>__TI_int35</name>
         <value>0xffd6</value>
         <object_component_ref idref="oc-82"/>
      </symbol>
      <symbol id="sm-806">
         <name>__TI_int36</name>
         <value>0xffd8</value>
         <object_component_ref idref="oc-83"/>
      </symbol>
      <symbol id="sm-809">
         <name>__TI_int37</name>
         <value>0xffda</value>
         <object_component_ref idref="oc-84"/>
      </symbol>
      <symbol id="sm-80c">
         <name>__TI_int38</name>
         <value>0xffdc</value>
         <object_component_ref idref="oc-85"/>
      </symbol>
      <symbol id="sm-80f">
         <name>__TI_int40</name>
         <value>0xffe0</value>
         <object_component_ref idref="oc-87"/>
      </symbol>
      <symbol id="sm-812">
         <name>__TI_int41</name>
         <value>0xffe2</value>
         <object_component_ref idref="oc-88"/>
      </symbol>
      <symbol id="sm-815">
         <name>__TI_int42</name>
         <value>0xffe4</value>
         <object_component_ref idref="oc-89"/>
      </symbol>
      <symbol id="sm-818">
         <name>__TI_int43</name>
         <value>0xffe6</value>
         <object_component_ref idref="oc-8a"/>
      </symbol>
      <symbol id="sm-81b">
         <name>__TI_int44</name>
         <value>0xffe8</value>
         <object_component_ref idref="oc-8b"/>
      </symbol>
      <symbol id="sm-81e">
         <name>__TI_int45</name>
         <value>0xffea</value>
         <object_component_ref idref="oc-8c"/>
      </symbol>
      <symbol id="sm-821">
         <name>__TI_int46</name>
         <value>0xffec</value>
         <object_component_ref idref="oc-8d"/>
      </symbol>
      <symbol id="sm-824">
         <name>__TI_int48</name>
         <value>0xfff0</value>
         <object_component_ref idref="oc-8f"/>
      </symbol>
      <symbol id="sm-827">
         <name>__TI_int49</name>
         <value>0xfff2</value>
         <object_component_ref idref="oc-90"/>
      </symbol>
      <symbol id="sm-82a">
         <name>__TI_int50</name>
         <value>0xfff4</value>
         <object_component_ref idref="oc-91"/>
      </symbol>
      <symbol id="sm-82d">
         <name>__TI_int51</name>
         <value>0xfff6</value>
         <object_component_ref idref="oc-92"/>
      </symbol>
      <symbol id="sm-830">
         <name>__TI_int52</name>
         <value>0xfff8</value>
         <object_component_ref idref="oc-93"/>
      </symbol>
      <symbol id="sm-833">
         <name>__TI_int53</name>
         <value>0xfffa</value>
         <object_component_ref idref="oc-94"/>
      </symbol>
      <symbol id="sm-836">
         <name>__TI_int54</name>
         <value>0xfffc</value>
         <object_component_ref idref="oc-95"/>
      </symbol>
      <symbol id="sm-849">
         <name>__TI_zero_init</name>
         <value>0x12ab2</value>
         <object_component_ref idref="oc-3df"/>
      </symbol>
      <symbol id="sm-855">
         <name>__mspabi_remi</name>
         <value>0x12a12</value>
         <object_component_ref idref="oc-4a5"/>
      </symbol>
      <symbol id="sm-856">
         <name>__mspabi_divi</name>
         <value>0x12a12</value>
         <object_component_ref idref="oc-4a5"/>
      </symbol>
      <symbol id="sm-860">
         <name>__mspabi_remu</name>
         <value>0x12b84</value>
         <object_component_ref idref="oc-560"/>
      </symbol>
      <symbol id="sm-861">
         <name>__mspabi_divu</name>
         <value>0x12b84</value>
         <object_component_ref idref="oc-560"/>
      </symbol>
      <symbol id="sm-86f">
         <name>__mspabi_remul</name>
         <value>0x125aa</value>
         <object_component_ref idref="oc-58b"/>
      </symbol>
      <symbol id="sm-870">
         <name>__mspabi_divul</name>
         <value>0x125aa</value>
         <object_component_ref idref="oc-58b"/>
      </symbol>
      <symbol id="sm-87c">
         <name>__mspabi_mpyi_sw</name>
         <value>0x12bd8</value>
         <object_component_ref idref="oc-5b6"/>
      </symbol>
      <symbol id="sm-87d">
         <name>__mspabi_mpyi</name>
         <value>0x12bd8</value>
         <object_component_ref idref="oc-5b6"/>
      </symbol>
      <symbol id="sm-887">
         <name>__mspabi_mpyl_sw</name>
         <value>0x12a66</value>
         <object_component_ref idref="oc-646"/>
      </symbol>
      <symbol id="sm-888">
         <name>__mspabi_mpyl</name>
         <value>0x12a66</value>
         <object_component_ref idref="oc-646"/>
      </symbol>
      <symbol id="sm-898">
         <name>__mspabi_slll_9</name>
         <value>0x128ea</value>
         <object_component_ref idref="oc-585"/>
      </symbol>
      <symbol id="sm-899">
         <name>__mspabi_slll_8</name>
         <value>0x128ee</value>
         <object_component_ref idref="oc-585"/>
      </symbol>
      <symbol id="sm-89a">
         <name>__mspabi_slll_7</name>
         <value>0x128f2</value>
         <object_component_ref idref="oc-585"/>
      </symbol>
      <symbol id="sm-89b">
         <name>__mspabi_slll_6</name>
         <value>0x128f6</value>
         <object_component_ref idref="oc-585"/>
      </symbol>
      <symbol id="sm-89c">
         <name>__mspabi_slll_5</name>
         <value>0x128fa</value>
         <object_component_ref idref="oc-585"/>
      </symbol>
      <symbol id="sm-89d">
         <name>__mspabi_slll_4</name>
         <value>0x128fe</value>
         <object_component_ref idref="oc-585"/>
      </symbol>
      <symbol id="sm-89e">
         <name>__mspabi_slll_3</name>
         <value>0x12902</value>
         <object_component_ref idref="oc-585"/>
      </symbol>
      <symbol id="sm-89f">
         <name>__mspabi_slll_2</name>
         <value>0x12906</value>
         <object_component_ref idref="oc-585"/>
      </symbol>
      <symbol id="sm-8a0">
         <name>__mspabi_slll_1</name>
         <value>0x1290a</value>
         <object_component_ref idref="oc-585"/>
      </symbol>
      <symbol id="sm-8a1">
         <name>__mspabi_slll</name>
         <value>0x12c36</value>
         <object_component_ref idref="oc-6d0"/>
      </symbol>
      <symbol id="sm-8a2">
         <name>__mspabi_slll_15</name>
         <value>0x128d2</value>
         <object_component_ref idref="oc-585"/>
      </symbol>
      <symbol id="sm-8a3">
         <name>__mspabi_slll_14</name>
         <value>0x128d6</value>
         <object_component_ref idref="oc-585"/>
      </symbol>
      <symbol id="sm-8a4">
         <name>__mspabi_slll_13</name>
         <value>0x128da</value>
         <object_component_ref idref="oc-585"/>
      </symbol>
      <symbol id="sm-8a5">
         <name>__mspabi_slll_12</name>
         <value>0x128de</value>
         <object_component_ref idref="oc-585"/>
      </symbol>
      <symbol id="sm-8a6">
         <name>__mspabi_slll_11</name>
         <value>0x128e2</value>
         <object_component_ref idref="oc-585"/>
      </symbol>
      <symbol id="sm-8a7">
         <name>__mspabi_slll_10</name>
         <value>0x128e6</value>
         <object_component_ref idref="oc-585"/>
      </symbol>
      <symbol id="sm-8af">
         <name>__mspabi_srll_8</name>
         <value>0x1292c</value>
         <object_component_ref idref="oc-5a2"/>
      </symbol>
      <symbol id="sm-8b0">
         <name>__mspabi_srll_9</name>
         <value>0x12928</value>
         <object_component_ref idref="oc-5a2"/>
      </symbol>
      <symbol id="sm-8b1">
         <name>__mspabi_srll_6</name>
         <value>0x12934</value>
         <object_component_ref idref="oc-5a2"/>
      </symbol>
      <symbol id="sm-8b2">
         <name>__mspabi_srll_7</name>
         <value>0x12930</value>
         <object_component_ref idref="oc-5a2"/>
      </symbol>
      <symbol id="sm-8b3">
         <name>__mspabi_srll_4</name>
         <value>0x1293c</value>
         <object_component_ref idref="oc-5a2"/>
      </symbol>
      <symbol id="sm-8b4">
         <name>__mspabi_srll_5</name>
         <value>0x12938</value>
         <object_component_ref idref="oc-5a2"/>
      </symbol>
      <symbol id="sm-8b5">
         <name>__mspabi_srll_2</name>
         <value>0x12944</value>
         <object_component_ref idref="oc-5a2"/>
      </symbol>
      <symbol id="sm-8b6">
         <name>__mspabi_srll_3</name>
         <value>0x12940</value>
         <object_component_ref idref="oc-5a2"/>
      </symbol>
      <symbol id="sm-8b7">
         <name>__mspabi_srll_1</name>
         <value>0x12948</value>
         <object_component_ref idref="oc-5a2"/>
      </symbol>
      <symbol id="sm-8b8">
         <name>__mspabi_srll_15</name>
         <value>0x12910</value>
         <object_component_ref idref="oc-5a2"/>
      </symbol>
      <symbol id="sm-8b9">
         <name>__mspabi_srll_14</name>
         <value>0x12914</value>
         <object_component_ref idref="oc-5a2"/>
      </symbol>
      <symbol id="sm-8ba">
         <name>__mspabi_srll_13</name>
         <value>0x12918</value>
         <object_component_ref idref="oc-5a2"/>
      </symbol>
      <symbol id="sm-8bb">
         <name>__mspabi_srll_12</name>
         <value>0x1291c</value>
         <object_component_ref idref="oc-5a2"/>
      </symbol>
      <symbol id="sm-8bc">
         <name>__mspabi_srll_11</name>
         <value>0x12920</value>
         <object_component_ref idref="oc-5a2"/>
      </symbol>
      <symbol id="sm-8bd">
         <name>__mspabi_srll_10</name>
         <value>0x12924</value>
         <object_component_ref idref="oc-5a2"/>
      </symbol>
      <symbol id="sm-8cd">
         <name>_stack</name>
         <value>0x2360</value>
         <object_component_ref idref="oc-3a6"/>
      </symbol>
      <symbol id="sm-8ce">
         <name>_c_int00_noargs</name>
         <value>0x4464</value>
         <object_component_ref idref="oc-3eb"/>
      </symbol>
      <symbol id="sm-8cf">
         <name>_reset_vector</name>
         <value>0xfffe</value>
         <object_component_ref idref="oc-3a9"/>
      </symbol>
      <symbol id="sm-8f4">
         <name>__TI_auto_init_nobinit_nopinit_hold_wdt</name>
         <value>0x12704</value>
         <object_component_ref idref="oc-4f9"/>
      </symbol>
      <symbol id="sm-8fd">
         <name>_system_post_cinit</name>
         <value>0x12c90</value>
         <object_component_ref idref="oc-5d9"/>
      </symbol>
      <symbol id="sm-906">
         <name>_system_pre_init</name>
         <value>0x12c8c</value>
         <object_component_ref idref="oc-43f"/>
      </symbol>
      <symbol id="sm-916">
         <name>C$$EXIT</name>
         <value>0x12c7a</value>
         <object_component_ref idref="oc-4d5"/>
      </symbol>
      <symbol id="sm-917">
         <name>abort</name>
         <value>0x12c7a</value>
         <object_component_ref idref="oc-4d5"/>
      </symbol>
      <symbol id="sm-927">
         <name>memcpy</name>
         <value>0x12bc4</value>
         <object_component_ref idref="oc-3b5"/>
      </symbol>
   </symbol_table>
   <title>Link successful</title>
</link_info>
