<?xml version="1.0" encoding="ISO-8859-1" ?>
<link_info>
   <banner>MSP430 Linker PC v20.2.1.LTS</banner>
   <copyright>Copyright (c) 2003-2018 Texas Instruments Incorporated</copyright>
   <link_time>0x5f3bdccf</link_time>
   <link_errors>0x0</link_errors>
   <output_file>MoveH.out</output_file>
   <entry_point>
      <name>_c_int00_noargs</name>
      <address>0x44b4</address>
   </entry_point>
   <input_file_list>
      <input_file id="fl-2">
         <path>.\</path>
         <kind>object</kind>
         <file>main_SD.obj</file>
         <name>main_SD.obj</name>
      </input_file>
      <input_file id="fl-3">
         <path>.\FatFS\</path>
         <kind>object</kind>
         <file>diskio.obj</file>
         <name>diskio.obj</name>
      </input_file>
      <input_file id="fl-4">
         <path>.\FatFS\</path>
         <kind>object</kind>
         <file>ff.obj</file>
         <name>ff.obj</name>
      </input_file>
      <input_file id="fl-a">
         <kind>object</kind>
         <file>&lt;internal&gt;</file>
         <name>&lt;internal&gt;</name>
      </input_file>
      <input_file id="fl-25">
         <path>C:\ti\ccs1010\ccs\tools\compiler\ti-cgt-msp430_20.2.1.LTS\lib\</path>
         <kind>archive</kind>
         <file>rts430x_lc_rd_eabi.lib</file>
         <name>copy_decompress_lzss.c.obj</name>
      </input_file>
      <input_file id="fl-26">
         <path>C:\ti\ccs1010\ccs\tools\compiler\ti-cgt-msp430_20.2.1.LTS\lib\</path>
         <kind>archive</kind>
         <file>rts430x_lc_rd_eabi.lib</file>
         <name>copy_decompress_none.c.obj</name>
      </input_file>
      <input_file id="fl-27">
         <path>C:\ti\ccs1010\ccs\tools\compiler\ti-cgt-msp430_20.2.1.LTS\lib\</path>
         <kind>archive</kind>
         <file>rts430x_lc_rd_eabi.lib</file>
         <name>int30.asm.obj</name>
      </input_file>
      <input_file id="fl-28">
         <path>C:\ti\ccs1010\ccs\tools\compiler\ti-cgt-msp430_20.2.1.LTS\lib\</path>
         <kind>archive</kind>
         <file>rts430x_lc_rd_eabi.lib</file>
         <name>isr_trap.asm.obj</name>
      </input_file>
      <input_file id="fl-29">
         <path>C:\ti\ccs1010\ccs\tools\compiler\ti-cgt-msp430_20.2.1.LTS\lib\</path>
         <kind>archive</kind>
         <file>rts430x_lc_rd_eabi.lib</file>
         <name>int31.asm.obj</name>
      </input_file>
      <input_file id="fl-2a">
         <path>C:\ti\ccs1010\ccs\tools\compiler\ti-cgt-msp430_20.2.1.LTS\lib\</path>
         <kind>archive</kind>
         <file>rts430x_lc_rd_eabi.lib</file>
         <name>int33.asm.obj</name>
      </input_file>
      <input_file id="fl-2b">
         <path>C:\ti\ccs1010\ccs\tools\compiler\ti-cgt-msp430_20.2.1.LTS\lib\</path>
         <kind>archive</kind>
         <file>rts430x_lc_rd_eabi.lib</file>
         <name>int34.asm.obj</name>
      </input_file>
      <input_file id="fl-2c">
         <path>C:\ti\ccs1010\ccs\tools\compiler\ti-cgt-msp430_20.2.1.LTS\lib\</path>
         <kind>archive</kind>
         <file>rts430x_lc_rd_eabi.lib</file>
         <name>int35.asm.obj</name>
      </input_file>
      <input_file id="fl-2d">
         <path>C:\ti\ccs1010\ccs\tools\compiler\ti-cgt-msp430_20.2.1.LTS\lib\</path>
         <kind>archive</kind>
         <file>rts430x_lc_rd_eabi.lib</file>
         <name>int36.asm.obj</name>
      </input_file>
      <input_file id="fl-2e">
         <path>C:\ti\ccs1010\ccs\tools\compiler\ti-cgt-msp430_20.2.1.LTS\lib\</path>
         <kind>archive</kind>
         <file>rts430x_lc_rd_eabi.lib</file>
         <name>int37.asm.obj</name>
      </input_file>
      <input_file id="fl-2f">
         <path>C:\ti\ccs1010\ccs\tools\compiler\ti-cgt-msp430_20.2.1.LTS\lib\</path>
         <kind>archive</kind>
         <file>rts430x_lc_rd_eabi.lib</file>
         <name>int38.asm.obj</name>
      </input_file>
      <input_file id="fl-30">
         <path>C:\ti\ccs1010\ccs\tools\compiler\ti-cgt-msp430_20.2.1.LTS\lib\</path>
         <kind>archive</kind>
         <file>rts430x_lc_rd_eabi.lib</file>
         <name>int39.asm.obj</name>
      </input_file>
      <input_file id="fl-31">
         <path>C:\ti\ccs1010\ccs\tools\compiler\ti-cgt-msp430_20.2.1.LTS\lib\</path>
         <kind>archive</kind>
         <file>rts430x_lc_rd_eabi.lib</file>
         <name>int40.asm.obj</name>
      </input_file>
      <input_file id="fl-32">
         <path>C:\ti\ccs1010\ccs\tools\compiler\ti-cgt-msp430_20.2.1.LTS\lib\</path>
         <kind>archive</kind>
         <file>rts430x_lc_rd_eabi.lib</file>
         <name>int41.asm.obj</name>
      </input_file>
      <input_file id="fl-33">
         <path>C:\ti\ccs1010\ccs\tools\compiler\ti-cgt-msp430_20.2.1.LTS\lib\</path>
         <kind>archive</kind>
         <file>rts430x_lc_rd_eabi.lib</file>
         <name>int42.asm.obj</name>
      </input_file>
      <input_file id="fl-34">
         <path>C:\ti\ccs1010\ccs\tools\compiler\ti-cgt-msp430_20.2.1.LTS\lib\</path>
         <kind>archive</kind>
         <file>rts430x_lc_rd_eabi.lib</file>
         <name>int43.asm.obj</name>
      </input_file>
      <input_file id="fl-35">
         <path>C:\ti\ccs1010\ccs\tools\compiler\ti-cgt-msp430_20.2.1.LTS\lib\</path>
         <kind>archive</kind>
         <file>rts430x_lc_rd_eabi.lib</file>
         <name>int44.asm.obj</name>
      </input_file>
      <input_file id="fl-36">
         <path>C:\ti\ccs1010\ccs\tools\compiler\ti-cgt-msp430_20.2.1.LTS\lib\</path>
         <kind>archive</kind>
         <file>rts430x_lc_rd_eabi.lib</file>
         <name>int45.asm.obj</name>
      </input_file>
      <input_file id="fl-37">
         <path>C:\ti\ccs1010\ccs\tools\compiler\ti-cgt-msp430_20.2.1.LTS\lib\</path>
         <kind>archive</kind>
         <file>rts430x_lc_rd_eabi.lib</file>
         <name>int46.asm.obj</name>
      </input_file>
      <input_file id="fl-38">
         <path>C:\ti\ccs1010\ccs\tools\compiler\ti-cgt-msp430_20.2.1.LTS\lib\</path>
         <kind>archive</kind>
         <file>rts430x_lc_rd_eabi.lib</file>
         <name>int48.asm.obj</name>
      </input_file>
      <input_file id="fl-39">
         <path>C:\ti\ccs1010\ccs\tools\compiler\ti-cgt-msp430_20.2.1.LTS\lib\</path>
         <kind>archive</kind>
         <file>rts430x_lc_rd_eabi.lib</file>
         <name>int49.asm.obj</name>
      </input_file>
      <input_file id="fl-3a">
         <path>C:\ti\ccs1010\ccs\tools\compiler\ti-cgt-msp430_20.2.1.LTS\lib\</path>
         <kind>archive</kind>
         <file>rts430x_lc_rd_eabi.lib</file>
         <name>int50.asm.obj</name>
      </input_file>
      <input_file id="fl-3b">
         <path>C:\ti\ccs1010\ccs\tools\compiler\ti-cgt-msp430_20.2.1.LTS\lib\</path>
         <kind>archive</kind>
         <file>rts430x_lc_rd_eabi.lib</file>
         <name>int51.asm.obj</name>
      </input_file>
      <input_file id="fl-3c">
         <path>C:\ti\ccs1010\ccs\tools\compiler\ti-cgt-msp430_20.2.1.LTS\lib\</path>
         <kind>archive</kind>
         <file>rts430x_lc_rd_eabi.lib</file>
         <name>int52.asm.obj</name>
      </input_file>
      <input_file id="fl-3d">
         <path>C:\ti\ccs1010\ccs\tools\compiler\ti-cgt-msp430_20.2.1.LTS\lib\</path>
         <kind>archive</kind>
         <file>rts430x_lc_rd_eabi.lib</file>
         <name>int53.asm.obj</name>
      </input_file>
      <input_file id="fl-3e">
         <path>C:\ti\ccs1010\ccs\tools\compiler\ti-cgt-msp430_20.2.1.LTS\lib\</path>
         <kind>archive</kind>
         <file>rts430x_lc_rd_eabi.lib</file>
         <name>int54.asm.obj</name>
      </input_file>
      <input_file id="fl-3f">
         <path>C:\ti\ccs1010\ccs\tools\compiler\ti-cgt-msp430_20.2.1.LTS\lib\</path>
         <kind>archive</kind>
         <file>rts430x_lc_rd_eabi.lib</file>
         <name>copy_zero_init.c.obj</name>
      </input_file>
      <input_file id="fl-40">
         <path>C:\ti\ccs1010\ccs\tools\compiler\ti-cgt-msp430_20.2.1.LTS\lib\</path>
         <kind>archive</kind>
         <file>rts430x_lc_rd_eabi.lib</file>
         <name>div16s.asm.obj</name>
      </input_file>
      <input_file id="fl-41">
         <path>C:\ti\ccs1010\ccs\tools\compiler\ti-cgt-msp430_20.2.1.LTS\lib\</path>
         <kind>archive</kind>
         <file>rts430x_lc_rd_eabi.lib</file>
         <name>div16u.asm.obj</name>
      </input_file>
      <input_file id="fl-42">
         <path>C:\ti\ccs1010\ccs\tools\compiler\ti-cgt-msp430_20.2.1.LTS\lib\</path>
         <kind>archive</kind>
         <file>rts430x_lc_rd_eabi.lib</file>
         <name>div32u.asm.obj</name>
      </input_file>
      <input_file id="fl-43">
         <path>C:\ti\ccs1010\ccs\tools\compiler\ti-cgt-msp430_20.2.1.LTS\lib\</path>
         <kind>archive</kind>
         <file>rts430x_lc_rd_eabi.lib</file>
         <name>mult16.asm.obj</name>
      </input_file>
      <input_file id="fl-44">
         <path>C:\ti\ccs1010\ccs\tools\compiler\ti-cgt-msp430_20.2.1.LTS\lib\</path>
         <kind>archive</kind>
         <file>rts430x_lc_rd_eabi.lib</file>
         <name>mult32.asm.obj</name>
      </input_file>
      <input_file id="fl-45">
         <path>C:\ti\ccs1010\ccs\tools\compiler\ti-cgt-msp430_20.2.1.LTS\lib\</path>
         <kind>archive</kind>
         <file>rts430x_lc_rd_eabi.lib</file>
         <name>lsl32.asm.obj</name>
      </input_file>
      <input_file id="fl-46">
         <path>C:\ti\ccs1010\ccs\tools\compiler\ti-cgt-msp430_20.2.1.LTS\lib\</path>
         <kind>archive</kind>
         <file>rts430x_lc_rd_eabi.lib</file>
         <name>lsr32.asm.obj</name>
      </input_file>
      <input_file id="fl-47">
         <path>C:\ti\ccs1010\ccs\tools\compiler\ti-cgt-msp430_20.2.1.LTS\lib\</path>
         <kind>archive</kind>
         <file>rts430x_lc_rd_eabi.lib</file>
         <name>boot.c.obj</name>
      </input_file>
      <input_file id="fl-48">
         <path>C:\ti\ccs1010\ccs\tools\compiler\ti-cgt-msp430_20.2.1.LTS\lib\</path>
         <kind>archive</kind>
         <file>rts430x_lc_rd_eabi.lib</file>
         <name>mpu_init.c.obj</name>
      </input_file>
      <input_file id="fl-49">
         <path>C:\ti\ccs1010\ccs\tools\compiler\ti-cgt-msp430_20.2.1.LTS\lib\</path>
         <kind>archive</kind>
         <file>rts430x_lc_rd_eabi.lib</file>
         <name>args_main.c.obj</name>
      </input_file>
      <input_file id="fl-4a">
         <path>C:\ti\ccs1010\ccs\tools\compiler\ti-cgt-msp430_20.2.1.LTS\lib\</path>
         <kind>archive</kind>
         <file>rts430x_lc_rd_eabi.lib</file>
         <name>autoinit.c.obj</name>
      </input_file>
      <input_file id="fl-4b">
         <path>C:\ti\ccs1010\ccs\tools\compiler\ti-cgt-msp430_20.2.1.LTS\lib\</path>
         <kind>archive</kind>
         <file>rts430x_lc_rd_eabi.lib</file>
         <name>startup.c.obj</name>
      </input_file>
      <input_file id="fl-4c">
         <path>C:\ti\ccs1010\ccs\tools\compiler\ti-cgt-msp430_20.2.1.LTS\lib\</path>
         <kind>archive</kind>
         <file>rts430x_lc_rd_eabi.lib</file>
         <name>pre_init.c.obj</name>
      </input_file>
      <input_file id="fl-4d">
         <path>C:\ti\ccs1010\ccs\tools\compiler\ti-cgt-msp430_20.2.1.LTS\lib\</path>
         <kind>archive</kind>
         <file>rts430x_lc_rd_eabi.lib</file>
         <name>cpy_tbl.c.obj</name>
      </input_file>
      <input_file id="fl-4e">
         <path>C:\ti\ccs1010\ccs\tools\compiler\ti-cgt-msp430_20.2.1.LTS\lib\</path>
         <kind>archive</kind>
         <file>rts430x_lc_rd_eabi.lib</file>
         <name>exit.c.obj</name>
      </input_file>
      <input_file id="fl-4f">
         <path>C:\ti\ccs1010\ccs\tools\compiler\ti-cgt-msp430_20.2.1.LTS\lib\</path>
         <kind>archive</kind>
         <file>rts430x_lc_rd_eabi.lib</file>
         <name>exit_gvars.c.obj</name>
      </input_file>
      <input_file id="fl-50">
         <path>C:\ti\ccs1010\ccs\tools\compiler\ti-cgt-msp430_20.2.1.LTS\lib\</path>
         <kind>archive</kind>
         <file>rts430x_lc_rd_eabi.lib</file>
         <name>_lock.c.obj</name>
      </input_file>
      <input_file id="fl-51">
         <path>C:\ti\ccs1010\ccs\tools\compiler\ti-cgt-msp430_20.2.1.LTS\lib\</path>
         <kind>archive</kind>
         <file>rts430x_lc_rd_eabi.lib</file>
         <name>memcpy.c.obj</name>
      </input_file>
   </input_file_list>
   <object_component_list>
      <object_component id="oc-79a">
         <name>__TI_handler_table</name>
         <load_address>0x455c</load_address>
         <run_address>0x455c</run_address>
         <size>0xc</size>
      </object_component>
      <object_component id="oc-79d">
         <name>.cinit..data.load</name>
         <load_address>0x4568</load_address>
         <run_address>0x4568</run_address>
         <size>0x8</size>
      </object_component>
      <object_component id="oc-79c">
         <name>.cinit..bss.load</name>
         <load_address>0x4570</load_address>
         <run_address>0x4570</run_address>
         <size>0x6</size>
      </object_component>
      <object_component id="oc-79b">
         <name>__TI_cinit_table</name>
         <load_address>0x4576</load_address>
         <run_address>0x4576</run_address>
         <size>0x10</size>
      </object_component>
      <object_component id="oc-493">
         <name>.const:.string</name>
         <load_address>0x44d8</load_address>
         <run_address>0x44d8</run_address>
         <size>0x68</size>
         <input_file_ref idref="fl-2"/>
      </object_component>
      <object_component id="oc-6f7">
         <name>.const:.string</name>
         <load_address>0x4540</load_address>
         <run_address>0x4540</run_address>
         <size>0x10</size>
         <input_file_ref idref="fl-4"/>
      </object_component>
      <object_component id="oc-4a6">
         <name>.const:.string:$P$T0$1</name>
         <load_address>0x4550</load_address>
         <run_address>0x4550</run_address>
         <size>0xb</size>
         <input_file_ref idref="fl-2"/>
      </object_component>
      <object_component id="oc-3cd">
         <name>.text:_isr:USCI_B0_ISR</name>
         <load_address>0x4400</load_address>
         <run_address>0x4400</run_address>
         <size>0x66</size>
         <input_file_ref idref="fl-2"/>
      </object_component>
      <object_component id="oc-3c7">
         <name>.text:_isr:ISR_Port4_S1</name>
         <load_address>0x4466</load_address>
         <run_address>0x4466</run_address>
         <size>0x4e</size>
         <input_file_ref idref="fl-2"/>
      </object_component>
      <object_component id="oc-3e5">
         <name>.text:_isr:_c_int00_noargs</name>
         <load_address>0x44b4</load_address>
         <run_address>0x44b4</run_address>
         <size>0x1c</size>
         <input_file_ref idref="fl-47"/>
      </object_component>
      <object_component id="oc-3c2">
         <name>.text:_isr:__TI_ISR_TRAP</name>
         <load_address>0x44d0</load_address>
         <run_address>0x44d0</run_address>
         <size>0x8</size>
         <input_file_ref idref="fl-28"/>
      </object_component>
      <object_component id="oc-553">
         <name>.text:find_volume</name>
         <load_address>0x10000</load_address>
         <run_address>0x10000</run_address>
         <size>0x4ec</size>
         <input_file_ref idref="fl-4"/>
      </object_component>
      <object_component id="oc-440">
         <name>.text:main</name>
         <load_address>0x104ec</load_address>
         <run_address>0x104ec</run_address>
         <size>0x42e</size>
         <input_file_ref idref="fl-2"/>
      </object_component>
      <object_component id="oc-4c0">
         <name>.text:f_printf</name>
         <load_address>0x1091a</load_address>
         <run_address>0x1091a</run_address>
         <size>0x2f4</size>
         <input_file_ref idref="fl-4"/>
      </object_component>
      <object_component id="oc-4ba">
         <name>.text:f_lseek</name>
         <load_address>0x10c0e</load_address>
         <run_address>0x10c0e</run_address>
         <size>0x29c</size>
         <input_file_ref idref="fl-4"/>
      </object_component>
      <object_component id="oc-5b8">
         <name>.text:f_write</name>
         <load_address>0x10eaa</load_address>
         <run_address>0x10eaa</run_address>
         <size>0x290</size>
         <input_file_ref idref="fl-4"/>
      </object_component>
      <object_component id="oc-4b4">
         <name>.text:f_open</name>
         <load_address>0x1113a</load_address>
         <run_address>0x1113a</run_address>
         <size>0x1ea</size>
         <input_file_ref idref="fl-4"/>
      </object_component>
      <object_component id="oc-62d">
         <name>.text:disk_ioctl</name>
         <load_address>0x11324</load_address>
         <run_address>0x11324</run_address>
         <size>0x1b4</size>
         <input_file_ref idref="fl-3"/>
      </object_component>
      <object_component id="oc-64e">
         <name>.text:create_name</name>
         <load_address>0x114d8</load_address>
         <run_address>0x114d8</run_address>
         <size>0x18a</size>
         <input_file_ref idref="fl-4"/>
      </object_component>
      <object_component id="oc-638">
         <name>.text:disk_initialize</name>
         <load_address>0x11662</load_address>
         <run_address>0x11662</run_address>
         <size>0x17c</size>
         <input_file_ref idref="fl-3"/>
      </object_component>
      <object_component id="oc-705">
         <name>.text:dir_next</name>
         <load_address>0x117de</load_address>
         <run_address>0x117de</run_address>
         <size>0x174</size>
         <input_file_ref idref="fl-4"/>
      </object_component>
      <object_component id="oc-670">
         <name>.text:put_fat</name>
         <load_address>0x11952</load_address>
         <run_address>0x11952</run_address>
         <size>0x16a</size>
         <input_file_ref idref="fl-4"/>
      </object_component>
      <object_component id="oc-595">
         <name>.text:get_fat</name>
         <load_address>0x11abc</load_address>
         <run_address>0x11abc</run_address>
         <size>0x140</size>
         <input_file_ref idref="fl-4"/>
      </object_component>
      <object_component id="oc-58f">
         <name>.text:create_chain</name>
         <load_address>0x11bfc</load_address>
         <run_address>0x11bfc</run_address>
         <size>0x128</size>
         <input_file_ref idref="fl-4"/>
      </object_component>
      <object_component id="oc-65a">
         <name>.text:dir_sdi</name>
         <load_address>0x11d24</load_address>
         <run_address>0x11d24</run_address>
         <size>0xfc</size>
         <input_file_ref idref="fl-4"/>
      </object_component>
      <object_component id="oc-52f">
         <name>.text:sync_fs</name>
         <load_address>0x11e20</load_address>
         <run_address>0x11e20</run_address>
         <size>0xe6</size>
         <input_file_ref idref="fl-4"/>
      </object_component>
      <object_component id="oc-517">
         <name>.text:disk_write</name>
         <load_address>0x11f06</load_address>
         <run_address>0x11f06</run_address>
         <size>0xd2</size>
         <input_file_ref idref="fl-3"/>
      </object_component>
      <object_component id="oc-47b">
         <name>.text:f_sync</name>
         <load_address>0x11fd8</load_address>
         <run_address>0x11fd8</run_address>
         <size>0xc4</size>
         <input_file_ref idref="fl-4"/>
      </object_component>
      <object_component id="oc-56b">
         <name>.text:get_fileinfo</name>
         <load_address>0x1209c</load_address>
         <run_address>0x1209c</run_address>
         <size>0xba</size>
         <input_file_ref idref="fl-4"/>
      </object_component>
      <object_component id="oc-57e">
         <name>.text:remove_chain</name>
         <load_address>0x12156</load_address>
         <run_address>0x12156</run_address>
         <size>0x9c</size>
         <input_file_ref idref="fl-4"/>
      </object_component>
      <object_component id="oc-565">
         <name>.text:follow_path</name>
         <load_address>0x121f2</load_address>
         <run_address>0x121f2</run_address>
         <size>0x9a</size>
         <input_file_ref idref="fl-4"/>
      </object_component>
      <object_component id="oc-5a6">
         <name>.text:disk_read</name>
         <load_address>0x1228c</load_address>
         <run_address>0x1228c</run_address>
         <size>0x96</size>
         <input_file_ref idref="fl-3"/>
      </object_component>
      <object_component id="oc-63e">
         <name>.text:check_fs</name>
         <load_address>0x12322</load_address>
         <run_address>0x12322</run_address>
         <size>0x86</size>
         <input_file_ref idref="fl-4"/>
      </object_component>
      <object_component id="oc-61e">
         <name>.text:sync_window</name>
         <load_address>0x123a8</load_address>
         <run_address>0x123a8</run_address>
         <size>0x86</size>
         <input_file_ref idref="fl-4"/>
      </object_component>
      <object_component id="oc-494">
         <name>.text:f_mount</name>
         <load_address>0x1242e</load_address>
         <run_address>0x1242e</run_address>
         <size>0x7e</size>
         <input_file_ref idref="fl-4"/>
      </object_component>
      <object_component id="oc-604">
         <name>.text:send_cmd</name>
         <load_address>0x124ac</load_address>
         <run_address>0x124ac</run_address>
         <size>0x78</size>
         <input_file_ref idref="fl-3"/>
      </object_component>
      <object_component id="oc-71">
         <name>.text:decompress:lzss:__TI_decompress_lzss</name>
         <load_address>0x12524</load_address>
         <run_address>0x12524</run_address>
         <size>0x76</size>
         <input_file_ref idref="fl-25"/>
      </object_component>
      <object_component id="oc-4ae">
         <name>.text:f_stat</name>
         <load_address>0x1259a</load_address>
         <run_address>0x1259a</run_address>
         <size>0x60</size>
         <input_file_ref idref="fl-4"/>
      </object_component>
      <object_component id="oc-662">
         <name>.text:dir_alloc</name>
         <load_address>0x125fa</load_address>
         <run_address>0x125fa</run_address>
         <size>0x5c</size>
         <input_file_ref idref="fl-4"/>
      </object_component>
      <object_component id="oc-654">
         <name>.text:dir_find</name>
         <load_address>0x12656</load_address>
         <run_address>0x12656</run_address>
         <size>0x5a</size>
         <input_file_ref idref="fl-4"/>
      </object_component>
      <object_component id="oc-58a">
         <name>.text</name>
         <load_address>0x126b0</load_address>
         <run_address>0x126b0</run_address>
         <size>0x58</size>
         <input_file_ref idref="fl-42"/>
      </object_component>
      <object_component id="oc-6df">
         <name>.text:power_on</name>
         <load_address>0x12708</load_address>
         <run_address>0x12708</run_address>
         <size>0x56</size>
         <input_file_ref idref="fl-3"/>
      </object_component>
      <object_component id="oc-4f7">
         <name>.text:__TI_auto_init_nobinit_nopinit_hold_wdt:__TI_auto_init_nobinit_nopinit_hold_wdt</name>
         <load_address>0x1275e</load_address>
         <run_address>0x1275e</run_address>
         <size>0x54</size>
         <input_file_ref idref="fl-4a"/>
      </object_component>
      <object_component id="oc-54a">
         <name>.text:get_ldnumber</name>
         <load_address>0x127b2</load_address>
         <run_address>0x127b2</run_address>
         <size>0x54</size>
         <input_file_ref idref="fl-4"/>
      </object_component>
      <object_component id="oc-51d">
         <name>.text:move_window</name>
         <load_address>0x12806</load_address>
         <run_address>0x12806</run_address>
         <size>0x52</size>
         <input_file_ref idref="fl-4"/>
      </object_component>
      <object_component id="oc-60a">
         <name>.text:xmit_datablock</name>
         <load_address>0x12858</load_address>
         <run_address>0x12858</run_address>
         <size>0x50</size>
         <input_file_ref idref="fl-3"/>
      </object_component>
      <object_component id="oc-572">
         <name>.text:dir_register</name>
         <load_address>0x128a8</load_address>
         <run_address>0x128a8</run_address>
         <size>0x4e</size>
         <input_file_ref idref="fl-4"/>
      </object_component>
      <object_component id="oc-5ad">
         <name>.text:putc_bfd</name>
         <load_address>0x128f6</load_address>
         <run_address>0x128f6</run_address>
         <size>0x4e</size>
         <input_file_ref idref="fl-4"/>
      </object_component>
      <object_component id="oc-67d">
         <name>.text:rcvr_datablock</name>
         <load_address>0x12944</load_address>
         <run_address>0x12944</run_address>
         <size>0x44</size>
         <input_file_ref idref="fl-3"/>
      </object_component>
      <object_component id="oc-59b">
         <name>.text:clust2sect</name>
         <load_address>0x12988</load_address>
         <run_address>0x12988</run_address>
         <size>0x3e</size>
         <input_file_ref idref="fl-4"/>
      </object_component>
      <object_component id="oc-584">
         <name>.text:l_lsl_const</name>
         <load_address>0x129c6</load_address>
         <run_address>0x129c6</run_address>
         <size>0x3e</size>
         <input_file_ref idref="fl-45"/>
      </object_component>
      <object_component id="oc-5a1">
         <name>.text:l_lsr_const</name>
         <load_address>0x12a04</load_address>
         <run_address>0x12a04</run_address>
         <size>0x3e</size>
         <input_file_ref idref="fl-46"/>
      </object_component>
      <object_component id="oc-683">
         <name>.text:send_cmd12</name>
         <load_address>0x12a42</load_address>
         <run_address>0x12a42</run_address>
         <size>0x3c</size>
         <input_file_ref idref="fl-3"/>
      </object_component>
      <object_component id="oc-481">
         <name>.text:validate</name>
         <load_address>0x12a7e</load_address>
         <run_address>0x12a7e</run_address>
         <size>0x3c</size>
         <input_file_ref idref="fl-4"/>
      </object_component>
      <object_component id="oc-578">
         <name>.text:ld_clust</name>
         <load_address>0x12aba</load_address>
         <run_address>0x12aba</run_address>
         <size>0x30</size>
         <input_file_ref idref="fl-4"/>
      </object_component>
      <object_component id="oc-616">
         <name>.text:rcvr_spi</name>
         <load_address>0x12aea</load_address>
         <run_address>0x12aea</run_address>
         <size>0x2c</size>
         <input_file_ref idref="fl-3"/>
      </object_component>
      <object_component id="oc-4a9">
         <name>.text</name>
         <load_address>0x12b16</load_address>
         <run_address>0x12b16</run_address>
         <size>0x2c</size>
         <input_file_ref idref="fl-40"/>
      </object_component>
      <object_component id="oc-4c6">
         <name>.text:i2cRead</name>
         <load_address>0x12b42</load_address>
         <run_address>0x12b42</run_address>
         <size>0x28</size>
         <input_file_ref idref="fl-2"/>
      </object_component>
      <object_component id="oc-644">
         <name>.text</name>
         <load_address>0x12b6a</load_address>
         <run_address>0x12b6a</run_address>
         <size>0x26</size>
         <input_file_ref idref="fl-44"/>
      </object_component>
      <object_component id="oc-6c0">
         <name>.text:xmit_spi</name>
         <load_address>0x12b90</load_address>
         <run_address>0x12b90</run_address>
         <size>0x26</size>
         <input_file_ref idref="fl-3"/>
      </object_component>
      <object_component id="oc-3d9">
         <name>.text:decompress:ZI:__TI_zero_init</name>
         <load_address>0x12bb6</load_address>
         <run_address>0x12bb6</run_address>
         <size>0x24</size>
         <input_file_ref idref="fl-3f"/>
      </object_component>
      <object_component id="oc-49e">
         <name>.text:i2cWrite</name>
         <load_address>0x12bda</load_address>
         <run_address>0x12bda</run_address>
         <size>0x24</size>
         <input_file_ref idref="fl-2"/>
      </object_component>
      <object_component id="oc-425">
         <name>.text:f_close</name>
         <load_address>0x12bfe</load_address>
         <run_address>0x12bfe</run_address>
         <size>0x20</size>
         <input_file_ref idref="fl-4"/>
      </object_component>
      <object_component id="oc-6e6">
         <name>.text:send_initial_clock_train</name>
         <load_address>0x12c1e</load_address>
         <run_address>0x12c1e</run_address>
         <size>0x1c</size>
         <input_file_ref idref="fl-3"/>
      </object_component>
      <object_component id="oc-48c">
         <name>.text:i2cInit</name>
         <load_address>0x12c3a</load_address>
         <run_address>0x12c3a</run_address>
         <size>0x1a</size>
         <input_file_ref idref="fl-2"/>
      </object_component>
      <object_component id="oc-6ba">
         <name>.text:wait_ready</name>
         <load_address>0x12c54</load_address>
         <run_address>0x12c54</run_address>
         <size>0x1a</size>
         <input_file_ref idref="fl-3"/>
      </object_component>
      <object_component id="oc-6f8">
         <name>.text:chk_chr</name>
         <load_address>0x12c6e</load_address>
         <run_address>0x12c6e</run_address>
         <size>0x16</size>
         <input_file_ref idref="fl-4"/>
      </object_component>
      <object_component id="oc-55f">
         <name>.text</name>
         <load_address>0x12c84</load_address>
         <run_address>0x12c84</run_address>
         <size>0x16</size>
         <input_file_ref idref="fl-41"/>
      </object_component>
      <object_component id="oc-523">
         <name>.text:st_clust</name>
         <load_address>0x12c9a</load_address>
         <run_address>0x12c9a</run_address>
         <size>0x16</size>
         <input_file_ref idref="fl-4"/>
      </object_component>
      <object_component id="oc-6ff">
         <name>.text:mem_cmp</name>
         <load_address>0x12cb0</load_address>
         <run_address>0x12cb0</run_address>
         <size>0x14</size>
         <input_file_ref idref="fl-4"/>
      </object_component>
      <object_component id="oc-3b5">
         <name>.text:memcpy</name>
         <load_address>0x12cc4</load_address>
         <run_address>0x12cc4</run_address>
         <size>0x14</size>
         <input_file_ref idref="fl-51"/>
      </object_component>
      <object_component id="oc-5b3">
         <name>.text</name>
         <load_address>0x12cd8</load_address>
         <run_address>0x12cd8</run_address>
         <size>0x14</size>
         <input_file_ref idref="fl-43"/>
      </object_component>
      <object_component id="oc-77">
         <name>.text:decompress:none:__TI_decompress_none</name>
         <load_address>0x12cec</load_address>
         <run_address>0x12cec</run_address>
         <size>0x12</size>
         <input_file_ref idref="fl-26"/>
      </object_component>
      <object_component id="oc-668">
         <name>.text:mem_cpy</name>
         <load_address>0x12cfe</load_address>
         <run_address>0x12cfe</run_address>
         <size>0x12</size>
         <input_file_ref idref="fl-4"/>
      </object_component>
      <object_component id="oc-627">
         <name>.text:mem_set</name>
         <load_address>0x12d10</load_address>
         <run_address>0x12d10</run_address>
         <size>0x12</size>
         <input_file_ref idref="fl-4"/>
      </object_component>
      <object_component id="oc-6ec">
         <name>.text:set_max_speed</name>
         <load_address>0x12d22</load_address>
         <run_address>0x12d22</run_address>
         <size>0x12</size>
         <input_file_ref idref="fl-3"/>
      </object_component>
      <object_component id="oc-6ce">
         <name>.text:l_lsl</name>
         <load_address>0x12d34</load_address>
         <run_address>0x12d34</run_address>
         <size>0x10</size>
         <input_file_ref idref="fl-45"/>
      </object_component>
      <object_component id="oc-536">
         <name>.text:disk_status</name>
         <load_address>0x12d44</load_address>
         <run_address>0x12d44</run_address>
         <size>0xe</size>
         <input_file_ref idref="fl-3"/>
      </object_component>
      <object_component id="oc-710">
         <name>.text:rcvr_spi_m</name>
         <load_address>0x12d52</load_address>
         <run_address>0x12d52</run_address>
         <size>0xc</size>
         <input_file_ref idref="fl-3"/>
      </object_component>
      <object_component id="oc-529">
         <name>.text:get_fattime</name>
         <load_address>0x12d5e</load_address>
         <run_address>0x12d5e</run_address>
         <size>0xa</size>
         <input_file_ref idref="fl-3"/>
      </object_component>
      <object_component id="oc-610">
         <name>.text:DESELECT</name>
         <load_address>0x12d68</load_address>
         <run_address>0x12d68</run_address>
         <size>0x8</size>
         <input_file_ref idref="fl-3"/>
      </object_component>
      <object_component id="oc-5fe">
         <name>.text:SELECT</name>
         <load_address>0x12d70</load_address>
         <run_address>0x12d70</run_address>
         <size>0x8</size>
         <input_file_ref idref="fl-3"/>
      </object_component>
      <object_component id="oc-4d3">
         <name>.text:abort</name>
         <load_address>0x12d78</load_address>
         <run_address>0x12d78</run_address>
         <size>0x6</size>
         <input_file_ref idref="fl-4e"/>
      </object_component>
      <object_component id="oc-6d3">
         <name>.text:chk_power</name>
         <load_address>0x12d7e</load_address>
         <run_address>0x12d7e</run_address>
         <size>0x6</size>
         <input_file_ref idref="fl-3"/>
      </object_component>
      <object_component id="oc-6d9">
         <name>.text:power_off</name>
         <load_address>0x12d84</load_address>
         <run_address>0x12d84</run_address>
         <size>0x6</size>
         <input_file_ref idref="fl-3"/>
      </object_component>
      <object_component id="oc-43a">
         <name>.text:_system_pre_init</name>
         <load_address>0x12d8a</load_address>
         <run_address>0x12d8a</run_address>
         <size>0x4</size>
         <input_file_ref idref="fl-4c"/>
      </object_component>
      <object_component id="oc-5d7">
         <name>.text:_system_post_cinit</name>
         <load_address>0x12d8e</load_address>
         <run_address>0x12d8e</run_address>
         <size>0x2</size>
         <input_file_ref idref="fl-4b"/>
      </object_component>
      <object_component id="oc-5fb">
         <name>.bss</name>
         <uninitialized>true</uninitialized>
         <run_address>0x2064</run_address>
         <size>0x3</size>
         <input_file_ref idref="fl-3"/>
      </object_component>
      <object_component id="oc-550">
         <name>.bss:FatFs</name>
         <uninitialized>true</uninitialized>
         <run_address>0x2060</run_address>
         <size>0x4</size>
         <input_file_ref idref="fl-4"/>
      </object_component>
      <object_component id="oc-649">
         <name>.bss</name>
         <uninitialized>true</uninitialized>
         <run_address>0x2068</run_address>
         <size>0x2</size>
         <input_file_ref idref="fl-4"/>
      </object_component>
      <object_component id="oc-492">
         <name>.common:sdVolume</name>
         <uninitialized>true</uninitialized>
         <run_address>0x1c00</run_address>
         <size>0x22e</size>
      </object_component>
      <object_component id="oc-424">
         <name>.common:logfile</name>
         <uninitialized>true</uninitialized>
         <run_address>0x1e2e</run_address>
         <size>0x224</size>
      </object_component>
      <object_component id="oc-49d">
         <name>.common:backupCtr</name>
         <uninitialized>true</uninitialized>
         <run_address>0x2070</run_address>
         <size>0x2</size>
      </object_component>
      <object_component id="oc-421">
         <name>.common:mode</name>
         <uninitialized>true</uninitialized>
         <run_address>0x2074</run_address>
         <size>0x2</size>
      </object_component>
      <object_component id="oc-42b">
         <name>.common:measurementInit</name>
         <uninitialized>true</uninitialized>
         <run_address>0x2072</run_address>
         <size>0x2</size>
      </object_component>
      <object_component id="oc-42e">
         <name>.common:RX_Data</name>
         <uninitialized>true</uninitialized>
         <run_address>0x2052</run_address>
         <size>0xe</size>
      </object_component>
      <object_component id="oc-430">
         <name>.common:TX_Data</name>
         <uninitialized>true</uninitialized>
         <run_address>0x206e</run_address>
         <size>0x2</size>
      </object_component>
      <object_component id="oc-42d">
         <name>.common:RX_ByteCtr</name>
         <uninitialized>true</uninitialized>
         <run_address>0x2067</run_address>
         <size>0x1</size>
      </object_component>
      <object_component id="oc-42f">
         <name>.common:TX_ByteCtr</name>
         <uninitialized>true</uninitialized>
         <run_address>0x2082</run_address>
         <size>0x1</size>
      </object_component>
      <object_component id="oc-4a4">
         <name>.common:G_MODE</name>
         <uninitialized>true</uninitialized>
         <run_address>0x206c</run_address>
         <size>0x2</size>
      </object_component>
      <object_component id="oc-4a5">
         <name>.common:DPS_MODE</name>
         <uninitialized>true</uninitialized>
         <run_address>0x206a</run_address>
         <size>0x2</size>
      </object_component>
      <object_component id="oc-4cc">
         <name>.common:xAccel</name>
         <uninitialized>true</uninitialized>
         <run_address>0x2076</run_address>
         <size>0x2</size>
      </object_component>
      <object_component id="oc-4cd">
         <name>.common:yAccel</name>
         <uninitialized>true</uninitialized>
         <run_address>0x207a</run_address>
         <size>0x2</size>
      </object_component>
      <object_component id="oc-4ce">
         <name>.common:zAccel</name>
         <uninitialized>true</uninitialized>
         <run_address>0x207e</run_address>
         <size>0x2</size>
      </object_component>
      <object_component id="oc-4cf">
         <name>.common:xGyro</name>
         <uninitialized>true</uninitialized>
         <run_address>0x2078</run_address>
         <size>0x2</size>
      </object_component>
      <object_component id="oc-4d0">
         <name>.common:yGyro</name>
         <uninitialized>true</uninitialized>
         <run_address>0x207c</run_address>
         <size>0x2</size>
      </object_component>
      <object_component id="oc-4d1">
         <name>.common:zGyro</name>
         <uninitialized>true</uninitialized>
         <run_address>0x2080</run_address>
         <size>0x2</size>
      </object_component>
      <object_component id="oc-49a">
         <name>.data</name>
         <load_address>0x2085</load_address>
         <run_address>0x2085</run_address>
         <size>0x2</size>
         <input_file_ref idref="fl-2"/>
      </object_component>
      <object_component id="oc-5f8">
         <name>.data</name>
         <load_address>0x2083</load_address>
         <run_address>0x2083</run_address>
         <size>0x2</size>
         <input_file_ref idref="fl-3"/>
      </object_component>
      <object_component id="oc-3a6">
         <name>.stack</name>
         <uninitialized>true</uninitialized>
         <run_address>0x2360</run_address>
         <size>0x4</size>
         <input_file_ref idref="fl-47"/>
      </object_component>
      <object_component id="oc-79e">
         <name>.stack</name>
         <uninitialized>true</uninitialized>
         <run_address>0x2360</run_address>
         <size>0x0</size>
      </object_component>
      <object_component id="oc-7d">
         <name>.int30</name>
         <load_address>0xffcc</load_address>
         <run_address>0xffcc</run_address>
         <size>0x2</size>
         <input_file_ref idref="fl-27"/>
      </object_component>
      <object_component id="oc-7e">
         <name>.int31</name>
         <load_address>0xffce</load_address>
         <run_address>0xffce</run_address>
         <size>0x2</size>
         <input_file_ref idref="fl-29"/>
      </object_component>
      <object_component id="oc-7f">
         <name>.int32</name>
         <load_address>0xffd0</load_address>
         <run_address>0xffd0</run_address>
         <size>0x2</size>
         <input_file_ref idref="fl-2"/>
      </object_component>
      <object_component id="oc-80">
         <name>.int33</name>
         <load_address>0xffd2</load_address>
         <run_address>0xffd2</run_address>
         <size>0x2</size>
         <input_file_ref idref="fl-2a"/>
      </object_component>
      <object_component id="oc-81">
         <name>.int34</name>
         <load_address>0xffd4</load_address>
         <run_address>0xffd4</run_address>
         <size>0x2</size>
         <input_file_ref idref="fl-2b"/>
      </object_component>
      <object_component id="oc-82">
         <name>.int35</name>
         <load_address>0xffd6</load_address>
         <run_address>0xffd6</run_address>
         <size>0x2</size>
         <input_file_ref idref="fl-2c"/>
      </object_component>
      <object_component id="oc-83">
         <name>.int36</name>
         <load_address>0xffd8</load_address>
         <run_address>0xffd8</run_address>
         <size>0x2</size>
         <input_file_ref idref="fl-2d"/>
      </object_component>
      <object_component id="oc-84">
         <name>.int37</name>
         <load_address>0xffda</load_address>
         <run_address>0xffda</run_address>
         <size>0x2</size>
         <input_file_ref idref="fl-2e"/>
      </object_component>
      <object_component id="oc-85">
         <name>.int38</name>
         <load_address>0xffdc</load_address>
         <run_address>0xffdc</run_address>
         <size>0x2</size>
         <input_file_ref idref="fl-2f"/>
      </object_component>
      <object_component id="oc-86">
         <name>.int39</name>
         <load_address>0xffde</load_address>
         <run_address>0xffde</run_address>
         <size>0x2</size>
         <input_file_ref idref="fl-30"/>
      </object_component>
      <object_component id="oc-87">
         <name>.int40</name>
         <load_address>0xffe0</load_address>
         <run_address>0xffe0</run_address>
         <size>0x2</size>
         <input_file_ref idref="fl-31"/>
      </object_component>
      <object_component id="oc-88">
         <name>.int41</name>
         <load_address>0xffe2</load_address>
         <run_address>0xffe2</run_address>
         <size>0x2</size>
         <input_file_ref idref="fl-32"/>
      </object_component>
      <object_component id="oc-89">
         <name>.int42</name>
         <load_address>0xffe4</load_address>
         <run_address>0xffe4</run_address>
         <size>0x2</size>
         <input_file_ref idref="fl-33"/>
      </object_component>
      <object_component id="oc-8a">
         <name>.int43</name>
         <load_address>0xffe6</load_address>
         <run_address>0xffe6</run_address>
         <size>0x2</size>
         <input_file_ref idref="fl-34"/>
      </object_component>
      <object_component id="oc-8b">
         <name>.int44</name>
         <load_address>0xffe8</load_address>
         <run_address>0xffe8</run_address>
         <size>0x2</size>
         <input_file_ref idref="fl-35"/>
      </object_component>
      <object_component id="oc-8c">
         <name>.int45</name>
         <load_address>0xffea</load_address>
         <run_address>0xffea</run_address>
         <size>0x2</size>
         <input_file_ref idref="fl-36"/>
      </object_component>
      <object_component id="oc-8d">
         <name>.int46</name>
         <load_address>0xffec</load_address>
         <run_address>0xffec</run_address>
         <size>0x2</size>
         <input_file_ref idref="fl-37"/>
      </object_component>
      <object_component id="oc-8e">
         <name>.int47</name>
         <load_address>0xffee</load_address>
         <run_address>0xffee</run_address>
         <size>0x2</size>
         <input_file_ref idref="fl-2"/>
      </object_component>
      <object_component id="oc-8f">
         <name>.int48</name>
         <load_address>0xfff0</load_address>
         <run_address>0xfff0</run_address>
         <size>0x2</size>
         <input_file_ref idref="fl-38"/>
      </object_component>
      <object_component id="oc-90">
         <name>.int49</name>
         <load_address>0xfff2</load_address>
         <run_address>0xfff2</run_address>
         <size>0x2</size>
         <input_file_ref idref="fl-39"/>
      </object_component>
      <object_component id="oc-91">
         <name>.int50</name>
         <load_address>0xfff4</load_address>
         <run_address>0xfff4</run_address>
         <size>0x2</size>
         <input_file_ref idref="fl-3a"/>
      </object_component>
      <object_component id="oc-92">
         <name>.int51</name>
         <load_address>0xfff6</load_address>
         <run_address>0xfff6</run_address>
         <size>0x2</size>
         <input_file_ref idref="fl-3b"/>
      </object_component>
      <object_component id="oc-93">
         <name>.int52</name>
         <load_address>0xfff8</load_address>
         <run_address>0xfff8</run_address>
         <size>0x2</size>
         <input_file_ref idref="fl-3c"/>
      </object_component>
      <object_component id="oc-94">
         <name>.int53</name>
         <load_address>0xfffa</load_address>
         <run_address>0xfffa</run_address>
         <size>0x2</size>
         <input_file_ref idref="fl-3d"/>
      </object_component>
      <object_component id="oc-95">
         <name>.int54</name>
         <load_address>0xfffc</load_address>
         <run_address>0xfffc</run_address>
         <size>0x2</size>
         <input_file_ref idref="fl-3e"/>
      </object_component>
      <object_component id="oc-3a9">
         <name>.reset</name>
         <load_address>0xfffe</load_address>
         <run_address>0xfffe</run_address>
         <size>0x2</size>
         <input_file_ref idref="fl-47"/>
      </object_component>
      <object_component id="oc-422">
         <name>.debug_info</name>
         <load_address>0x0</load_address>
         <run_address>0x0</run_address>
         <size>0x8dd</size>
         <input_file_ref idref="fl-2"/>
      </object_component>
      <object_component id="oc-49b">
         <name>.debug_info</name>
         <load_address>0x8dd</load_address>
         <run_address>0x8dd</run_address>
         <size>0xf9</size>
         <input_file_ref idref="fl-2"/>
      </object_component>
      <object_component id="oc-4a7">
         <name>.debug_info</name>
         <load_address>0x9d6</load_address>
         <run_address>0x9d6</run_address>
         <size>0xd2</size>
         <input_file_ref idref="fl-2"/>
      </object_component>
      <object_component id="oc-48d">
         <name>.debug_info</name>
         <load_address>0xaa8</load_address>
         <run_address>0xaa8</run_address>
         <size>0x102</size>
         <input_file_ref idref="fl-2"/>
      </object_component>
      <object_component id="oc-49f">
         <name>.debug_info</name>
         <load_address>0xbaa</load_address>
         <run_address>0xbaa</run_address>
         <size>0x132</size>
         <input_file_ref idref="fl-2"/>
      </object_component>
      <object_component id="oc-4c7">
         <name>.debug_info</name>
         <load_address>0xcdc</load_address>
         <run_address>0xcdc</run_address>
         <size>0x130</size>
         <input_file_ref idref="fl-2"/>
      </object_component>
      <object_component id="oc-441">
         <name>.debug_info</name>
         <load_address>0xe0c</load_address>
         <run_address>0xe0c</run_address>
         <size>0x296</size>
         <input_file_ref idref="fl-2"/>
      </object_component>
      <object_component id="oc-3ce">
         <name>.debug_info</name>
         <load_address>0x10a2</load_address>
         <run_address>0x10a2</run_address>
         <size>0x10e</size>
         <input_file_ref idref="fl-2"/>
      </object_component>
      <object_component id="oc-3c8">
         <name>.debug_info</name>
         <load_address>0x11b0</load_address>
         <run_address>0x11b0</run_address>
         <size>0x11e</size>
         <input_file_ref idref="fl-2"/>
      </object_component>
      <object_component id="oc-467">
         <name>.debug_info</name>
         <load_address>0x12ce</load_address>
         <run_address>0x12ce</run_address>
         <size>0x4b1</size>
         <input_file_ref idref="fl-2"/>
      </object_component>
      <object_component id="oc-46c">
         <name>.debug_info</name>
         <load_address>0x177f</load_address>
         <run_address>0x177f</run_address>
         <size>0xb0</size>
         <input_file_ref idref="fl-2"/>
      </object_component>
      <object_component id="oc-544">
         <name>.debug_info</name>
         <load_address>0x182f</load_address>
         <run_address>0x182f</run_address>
         <size>0x70</size>
         <input_file_ref idref="fl-2"/>
      </object_component>
      <object_component id="oc-471">
         <name>.debug_info</name>
         <load_address>0x189f</load_address>
         <run_address>0x189f</run_address>
         <size>0x26b</size>
         <input_file_ref idref="fl-2"/>
      </object_component>
      <object_component id="oc-3b0">
         <name>.debug_info</name>
         <load_address>0x1b0a</load_address>
         <run_address>0x1b0a</run_address>
         <size>0x84</size>
         <input_file_ref idref="fl-2"/>
      </object_component>
      <object_component id="oc-512">
         <name>.debug_info</name>
         <load_address>0x1b8e</load_address>
         <run_address>0x1b8e</run_address>
         <size>0x282</size>
         <input_file_ref idref="fl-2"/>
      </object_component>
      <object_component id="oc-476">
         <name>.debug_info</name>
         <load_address>0x1e10</load_address>
         <run_address>0x1e10</run_address>
         <size>0xbb</size>
         <input_file_ref idref="fl-2"/>
      </object_component>
      <object_component id="oc-61d">
         <name>.debug_info</name>
         <load_address>0x1ecb</load_address>
         <run_address>0x1ecb</run_address>
         <size>0x39a</size>
         <input_file_ref idref="fl-3"/>
      </object_component>
      <object_component id="oc-5f9">
         <name>.debug_info</name>
         <load_address>0x2265</load_address>
         <run_address>0x2265</run_address>
         <size>0x103</size>
         <input_file_ref idref="fl-3"/>
      </object_component>
      <object_component id="oc-5fc">
         <name>.debug_info</name>
         <load_address>0x2368</load_address>
         <run_address>0x2368</run_address>
         <size>0x110</size>
         <input_file_ref idref="fl-3"/>
      </object_component>
      <object_component id="oc-52a">
         <name>.debug_info</name>
         <load_address>0x2478</load_address>
         <run_address>0x2478</run_address>
         <size>0x120</size>
         <input_file_ref idref="fl-3"/>
      </object_component>
      <object_component id="oc-5ff">
         <name>.debug_info</name>
         <load_address>0x2598</load_address>
         <run_address>0x2598</run_address>
         <size>0x10e</size>
         <input_file_ref idref="fl-3"/>
      </object_component>
      <object_component id="oc-617">
         <name>.debug_info</name>
         <load_address>0x26a6</load_address>
         <run_address>0x26a6</run_address>
         <size>0x140</size>
         <input_file_ref idref="fl-3"/>
      </object_component>
      <object_component id="oc-6bb">
         <name>.debug_info</name>
         <load_address>0x27e6</load_address>
         <run_address>0x27e6</run_address>
         <size>0x147</size>
         <input_file_ref idref="fl-3"/>
      </object_component>
      <object_component id="oc-6c1">
         <name>.debug_info</name>
         <load_address>0x292d</load_address>
         <run_address>0x292d</run_address>
         <size>0x13f</size>
         <input_file_ref idref="fl-3"/>
      </object_component>
      <object_component id="oc-605">
         <name>.debug_info</name>
         <load_address>0x2a6c</load_address>
         <run_address>0x2a6c</run_address>
         <size>0x202</size>
         <input_file_ref idref="fl-3"/>
      </object_component>
      <object_component id="oc-60b">
         <name>.debug_info</name>
         <load_address>0x2c6e</load_address>
         <run_address>0x2c6e</run_address>
         <size>0x1f4</size>
         <input_file_ref idref="fl-3"/>
      </object_component>
      <object_component id="oc-611">
         <name>.debug_info</name>
         <load_address>0x2e62</load_address>
         <run_address>0x2e62</run_address>
         <size>0x112</size>
         <input_file_ref idref="fl-3"/>
      </object_component>
      <object_component id="oc-518">
         <name>.debug_info</name>
         <load_address>0x2f74</load_address>
         <run_address>0x2f74</run_address>
         <size>0x275</size>
         <input_file_ref idref="fl-3"/>
      </object_component>
      <object_component id="oc-537">
         <name>.debug_info</name>
         <load_address>0x31e9</load_address>
         <run_address>0x31e9</run_address>
         <size>0x13e</size>
         <input_file_ref idref="fl-3"/>
      </object_component>
      <object_component id="oc-712">
         <name>.debug_info</name>
         <load_address>0x3327</load_address>
         <run_address>0x3327</run_address>
         <size>0x143</size>
         <input_file_ref idref="fl-3"/>
      </object_component>
      <object_component id="oc-67e">
         <name>.debug_info</name>
         <load_address>0x346a</load_address>
         <run_address>0x346a</run_address>
         <size>0x1c4</size>
         <input_file_ref idref="fl-3"/>
      </object_component>
      <object_component id="oc-685">
         <name>.debug_info</name>
         <load_address>0x362e</load_address>
         <run_address>0x362e</run_address>
         <size>0x191</size>
         <input_file_ref idref="fl-3"/>
      </object_component>
      <object_component id="oc-5a8">
         <name>.debug_info</name>
         <load_address>0x37bf</load_address>
         <run_address>0x37bf</run_address>
         <size>0x251</size>
         <input_file_ref idref="fl-3"/>
      </object_component>
      <object_component id="oc-6d5">
         <name>.debug_info</name>
         <load_address>0x3a10</load_address>
         <run_address>0x3a10</run_address>
         <size>0x118</size>
         <input_file_ref idref="fl-3"/>
      </object_component>
      <object_component id="oc-6db">
         <name>.debug_info</name>
         <load_address>0x3b28</load_address>
         <run_address>0x3b28</run_address>
         <size>0x114</size>
         <input_file_ref idref="fl-3"/>
      </object_component>
      <object_component id="oc-6e7">
         <name>.debug_info</name>
         <load_address>0x3c3c</load_address>
         <run_address>0x3c3c</run_address>
         <size>0x15b</size>
         <input_file_ref idref="fl-3"/>
      </object_component>
      <object_component id="oc-6e1">
         <name>.debug_info</name>
         <load_address>0x3d97</load_address>
         <run_address>0x3d97</run_address>
         <size>0x131</size>
         <input_file_ref idref="fl-3"/>
      </object_component>
      <object_component id="oc-62f">
         <name>.debug_info</name>
         <load_address>0x3ec8</load_address>
         <run_address>0x3ec8</run_address>
         <size>0x2e9</size>
         <input_file_ref idref="fl-3"/>
      </object_component>
      <object_component id="oc-6ee">
         <name>.debug_info</name>
         <load_address>0x41b1</load_address>
         <run_address>0x41b1</run_address>
         <size>0x11c</size>
         <input_file_ref idref="fl-3"/>
      </object_component>
      <object_component id="oc-63a">
         <name>.debug_info</name>
         <load_address>0x42cd</load_address>
         <run_address>0x42cd</run_address>
         <size>0x2ae</size>
         <input_file_ref idref="fl-3"/>
      </object_component>
      <object_component id="oc-488">
         <name>.debug_info</name>
         <load_address>0x457b</load_address>
         <run_address>0x457b</run_address>
         <size>0x377</size>
         <input_file_ref idref="fl-4"/>
      </object_component>
      <object_component id="oc-551">
         <name>.debug_info</name>
         <load_address>0x48f2</load_address>
         <run_address>0x48f2</run_address>
         <size>0xcf</size>
         <input_file_ref idref="fl-4"/>
      </object_component>
      <object_component id="oc-64a">
         <name>.debug_info</name>
         <load_address>0x49c1</load_address>
         <run_address>0x49c1</run_address>
         <size>0xcd</size>
         <input_file_ref idref="fl-4"/>
      </object_component>
      <object_component id="oc-61f">
         <name>.debug_info</name>
         <load_address>0x4a8e</load_address>
         <run_address>0x4a8e</run_address>
         <size>0x183</size>
         <input_file_ref idref="fl-4"/>
      </object_component>
      <object_component id="oc-51e">
         <name>.debug_info</name>
         <load_address>0x4c11</load_address>
         <run_address>0x4c11</run_address>
         <size>0x192</size>
         <input_file_ref idref="fl-4"/>
      </object_component>
      <object_component id="oc-671">
         <name>.debug_info</name>
         <load_address>0x4da3</load_address>
         <run_address>0x4da3</run_address>
         <size>0x214</size>
         <input_file_ref idref="fl-4"/>
      </object_component>
      <object_component id="oc-596">
         <name>.debug_info</name>
         <load_address>0x4fb7</load_address>
         <run_address>0x4fb7</run_address>
         <size>0x1ff</size>
         <input_file_ref idref="fl-4"/>
      </object_component>
      <object_component id="oc-482">
         <name>.debug_info</name>
         <load_address>0x51b6</load_address>
         <run_address>0x51b6</run_address>
         <size>0x13d</size>
         <input_file_ref idref="fl-4"/>
      </object_component>
      <object_component id="oc-590">
         <name>.debug_info</name>
         <load_address>0x52f3</load_address>
         <run_address>0x52f3</run_address>
         <size>0x1dc</size>
         <input_file_ref idref="fl-4"/>
      </object_component>
      <object_component id="oc-59c">
         <name>.debug_info</name>
         <load_address>0x54cf</load_address>
         <run_address>0x54cf</run_address>
         <size>0x16c</size>
         <input_file_ref idref="fl-4"/>
      </object_component>
      <object_component id="oc-669">
         <name>.debug_info</name>
         <load_address>0x563b</load_address>
         <run_address>0x563b</run_address>
         <size>0x159</size>
         <input_file_ref idref="fl-4"/>
      </object_component>
      <object_component id="oc-5b9">
         <name>.debug_info</name>
         <load_address>0x5794</load_address>
         <run_address>0x5794</run_address>
         <size>0x2aa</size>
         <input_file_ref idref="fl-4"/>
      </object_component>
      <object_component id="oc-54b">
         <name>.debug_info</name>
         <load_address>0x5a3e</load_address>
         <run_address>0x5a3e</run_address>
         <size>0x16b</size>
         <input_file_ref idref="fl-4"/>
      </object_component>
      <object_component id="oc-63f">
         <name>.debug_info</name>
         <load_address>0x5ba9</load_address>
         <run_address>0x5ba9</run_address>
         <size>0x14f</size>
         <input_file_ref idref="fl-4"/>
      </object_component>
      <object_component id="oc-554">
         <name>.debug_info</name>
         <load_address>0x5cf8</load_address>
         <run_address>0x5cf8</run_address>
         <size>0x3d3</size>
         <input_file_ref idref="fl-4"/>
      </object_component>
      <object_component id="oc-628">
         <name>.debug_info</name>
         <load_address>0x60cb</load_address>
         <run_address>0x60cb</run_address>
         <size>0x15d</size>
         <input_file_ref idref="fl-4"/>
      </object_component>
      <object_component id="oc-6f9">
         <name>.debug_info</name>
         <load_address>0x6228</load_address>
         <run_address>0x6228</run_address>
         <size>0x147</size>
         <input_file_ref idref="fl-4"/>
      </object_component>
      <object_component id="oc-64f">
         <name>.debug_info</name>
         <load_address>0x636f</load_address>
         <run_address>0x636f</run_address>
         <size>0x1cb</size>
         <input_file_ref idref="fl-4"/>
      </object_component>
      <object_component id="oc-65b">
         <name>.debug_info</name>
         <load_address>0x653a</load_address>
         <run_address>0x653a</run_address>
         <size>0x19b</size>
         <input_file_ref idref="fl-4"/>
      </object_component>
      <object_component id="oc-700">
         <name>.debug_info</name>
         <load_address>0x66d5</load_address>
         <run_address>0x66d5</run_address>
         <size>0x177</size>
         <input_file_ref idref="fl-4"/>
      </object_component>
      <object_component id="oc-706">
         <name>.debug_info</name>
         <load_address>0x684c</load_address>
         <run_address>0x684c</run_address>
         <size>0x1f6</size>
         <input_file_ref idref="fl-4"/>
      </object_component>
      <object_component id="oc-655">
         <name>.debug_info</name>
         <load_address>0x6a42</load_address>
         <run_address>0x6a42</run_address>
         <size>0x182</size>
         <input_file_ref idref="fl-4"/>
      </object_component>
      <object_component id="oc-579">
         <name>.debug_info</name>
         <load_address>0x6bc4</load_address>
         <run_address>0x6bc4</run_address>
         <size>0x157</size>
         <input_file_ref idref="fl-4"/>
      </object_component>
      <object_component id="oc-566">
         <name>.debug_info</name>
         <load_address>0x6d1b</load_address>
         <run_address>0x6d1b</run_address>
         <size>0x1b9</size>
         <input_file_ref idref="fl-4"/>
      </object_component>
      <object_component id="oc-530">
         <name>.debug_info</name>
         <load_address>0x6ed4</load_address>
         <run_address>0x6ed4</run_address>
         <size>0x176</size>
         <input_file_ref idref="fl-4"/>
      </object_component>
      <object_component id="oc-57f">
         <name>.debug_info</name>
         <load_address>0x704a</load_address>
         <run_address>0x704a</run_address>
         <size>0x19a</size>
         <input_file_ref idref="fl-4"/>
      </object_component>
      <object_component id="oc-524">
         <name>.debug_info</name>
         <load_address>0x71e4</load_address>
         <run_address>0x71e4</run_address>
         <size>0x14b</size>
         <input_file_ref idref="fl-4"/>
      </object_component>
      <object_component id="oc-47c">
         <name>.debug_info</name>
         <load_address>0x732f</load_address>
         <run_address>0x732f</run_address>
         <size>0x1b5</size>
         <input_file_ref idref="fl-4"/>
      </object_component>
      <object_component id="oc-56c">
         <name>.debug_info</name>
         <load_address>0x74e4</load_address>
         <run_address>0x74e4</run_address>
         <size>0x18f</size>
         <input_file_ref idref="fl-4"/>
      </object_component>
      <object_component id="oc-4af">
         <name>.debug_info</name>
         <load_address>0x7673</load_address>
         <run_address>0x7673</run_address>
         <size>0x1af</size>
         <input_file_ref idref="fl-4"/>
      </object_component>
      <object_component id="oc-663">
         <name>.debug_info</name>
         <load_address>0x7822</load_address>
         <run_address>0x7822</run_address>
         <size>0x194</size>
         <input_file_ref idref="fl-4"/>
      </object_component>
      <object_component id="oc-573">
         <name>.debug_info</name>
         <load_address>0x79b6</load_address>
         <run_address>0x79b6</run_address>
         <size>0x17c</size>
         <input_file_ref idref="fl-4"/>
      </object_component>
      <object_component id="oc-5ae">
         <name>.debug_info</name>
         <load_address>0x7b32</load_address>
         <run_address>0x7b32</run_address>
         <size>0x160</size>
         <input_file_ref idref="fl-4"/>
      </object_component>
      <object_component id="oc-4c1">
         <name>.debug_info</name>
         <load_address>0x7c92</load_address>
         <run_address>0x7c92</run_address>
         <size>0x2b2</size>
         <input_file_ref idref="fl-4"/>
      </object_component>
      <object_component id="oc-4b5">
         <name>.debug_info</name>
         <load_address>0x7f44</load_address>
         <run_address>0x7f44</run_address>
         <size>0x276</size>
         <input_file_ref idref="fl-4"/>
      </object_component>
      <object_component id="oc-495">
         <name>.debug_info</name>
         <load_address>0x81ba</load_address>
         <run_address>0x81ba</run_address>
         <size>0x1b9</size>
         <input_file_ref idref="fl-4"/>
      </object_component>
      <object_component id="oc-4bb">
         <name>.debug_info</name>
         <load_address>0x8373</load_address>
         <run_address>0x8373</run_address>
         <size>0x27f</size>
         <input_file_ref idref="fl-4"/>
      </object_component>
      <object_component id="oc-428">
         <name>.debug_info</name>
         <load_address>0x85f2</load_address>
         <run_address>0x85f2</run_address>
         <size>0x151</size>
         <input_file_ref idref="fl-4"/>
      </object_component>
      <object_component id="oc-53f">
         <name>.debug_info</name>
         <load_address>0x8743</load_address>
         <run_address>0x8743</run_address>
         <size>0x8c</size>
         <input_file_ref idref="fl-4"/>
      </object_component>
      <object_component id="oc-5bf">
         <name>.debug_info</name>
         <load_address>0x87cf</load_address>
         <run_address>0x87cf</run_address>
         <size>0x2c</size>
         <input_file_ref idref="fl-4"/>
      </object_component>
      <object_component id="oc-416">
         <name>.debug_info</name>
         <load_address>0x87fb</load_address>
         <run_address>0x87fb</run_address>
         <size>0x17b</size>
         <input_file_ref idref="fl-25"/>
      </object_component>
      <object_component id="oc-73">
         <name>.debug_info</name>
         <load_address>0x8976</load_address>
         <run_address>0x8976</run_address>
         <size>0x250</size>
         <input_file_ref idref="fl-25"/>
      </object_component>
      <object_component id="oc-3ab">
         <name>.debug_info</name>
         <load_address>0x8bc6</load_address>
         <run_address>0x8bc6</run_address>
         <size>0x60</size>
         <input_file_ref idref="fl-25"/>
      </object_component>
      <object_component id="oc-45c">
         <name>.debug_info</name>
         <load_address>0x8c26</load_address>
         <run_address>0x8c26</run_address>
         <size>0x46</size>
         <input_file_ref idref="fl-25"/>
      </object_component>
      <object_component id="oc-411">
         <name>.debug_info</name>
         <load_address>0x8c6c</load_address>
         <run_address>0x8c6c</run_address>
         <size>0x39</size>
         <input_file_ref idref="fl-25"/>
      </object_component>
      <object_component id="oc-3c1">
         <name>.debug_info</name>
         <load_address>0x8ca5</load_address>
         <run_address>0x8ca5</run_address>
         <size>0x18f</size>
         <input_file_ref idref="fl-26"/>
      </object_component>
      <object_component id="oc-79">
         <name>.debug_info</name>
         <load_address>0x8e34</load_address>
         <run_address>0x8e34</run_address>
         <size>0x1d3</size>
         <input_file_ref idref="fl-26"/>
      </object_component>
      <object_component id="oc-3bc">
         <name>.debug_info</name>
         <load_address>0x9007</load_address>
         <run_address>0x9007</run_address>
         <size>0x46</size>
         <input_file_ref idref="fl-26"/>
      </object_component>
      <object_component id="oc-3c3">
         <name>.debug_info</name>
         <load_address>0x904d</load_address>
         <run_address>0x904d</run_address>
         <size>0x10f</size>
         <input_file_ref idref="fl-28"/>
      </object_component>
      <object_component id="oc-438">
         <name>.debug_info</name>
         <load_address>0x915c</load_address>
         <run_address>0x915c</run_address>
         <size>0x17f</size>
         <input_file_ref idref="fl-3f"/>
      </object_component>
      <object_component id="oc-3da">
         <name>.debug_info</name>
         <load_address>0x92db</load_address>
         <run_address>0x92db</run_address>
         <size>0x1c5</size>
         <input_file_ref idref="fl-3f"/>
      </object_component>
      <object_component id="oc-433">
         <name>.debug_info</name>
         <load_address>0x94a0</load_address>
         <run_address>0x94a0</run_address>
         <size>0x46</size>
         <input_file_ref idref="fl-3f"/>
      </object_component>
      <object_component id="oc-4aa">
         <name>.debug_info</name>
         <load_address>0x94e6</load_address>
         <run_address>0x94e6</run_address>
         <size>0x135</size>
         <input_file_ref idref="fl-40"/>
      </object_component>
      <object_component id="oc-560">
         <name>.debug_info</name>
         <load_address>0x961b</load_address>
         <run_address>0x961b</run_address>
         <size>0x121</size>
         <input_file_ref idref="fl-41"/>
      </object_component>
      <object_component id="oc-58b">
         <name>.debug_info</name>
         <load_address>0x973c</load_address>
         <run_address>0x973c</run_address>
         <size>0x123</size>
         <input_file_ref idref="fl-42"/>
      </object_component>
      <object_component id="oc-5b6">
         <name>.debug_info</name>
         <load_address>0x985f</load_address>
         <run_address>0x985f</run_address>
         <size>0x121</size>
         <input_file_ref idref="fl-43"/>
      </object_component>
      <object_component id="oc-645">
         <name>.debug_info</name>
         <load_address>0x9980</load_address>
         <run_address>0x9980</run_address>
         <size>0x121</size>
         <input_file_ref idref="fl-44"/>
      </object_component>
      <object_component id="oc-6d1">
         <name>.debug_info</name>
         <load_address>0x9aa1</load_address>
         <run_address>0x9aa1</run_address>
         <size>0x120</size>
         <input_file_ref idref="fl-45"/>
      </object_component>
      <object_component id="oc-585">
         <name>.debug_info</name>
         <load_address>0x9bc1</load_address>
         <run_address>0x9bc1</run_address>
         <size>0x126</size>
         <input_file_ref idref="fl-45"/>
      </object_component>
      <object_component id="oc-5a4">
         <name>.debug_info</name>
         <load_address>0x9ce7</load_address>
         <run_address>0x9ce7</run_address>
         <size>0x126</size>
         <input_file_ref idref="fl-46"/>
      </object_component>
      <object_component id="oc-3a7">
         <name>.debug_info</name>
         <load_address>0x9e0d</load_address>
         <run_address>0x9e0d</run_address>
         <size>0x100</size>
         <input_file_ref idref="fl-47"/>
      </object_component>
      <object_component id="oc-3e6">
         <name>.debug_info</name>
         <load_address>0x9f0d</load_address>
         <run_address>0x9f0d</run_address>
         <size>0x17a</size>
         <input_file_ref idref="fl-47"/>
      </object_component>
      <object_component id="oc-5de">
         <name>.debug_info</name>
         <load_address>0xa087</load_address>
         <run_address>0xa087</run_address>
         <size>0x3fc</size>
         <input_file_ref idref="fl-4a"/>
      </object_component>
      <object_component id="oc-4fb">
         <name>.debug_info</name>
         <load_address>0xa483</load_address>
         <run_address>0xa483</run_address>
         <size>0x230</size>
         <input_file_ref idref="fl-4a"/>
      </object_component>
      <object_component id="oc-6a4">
         <name>.debug_info</name>
         <load_address>0xa6b3</load_address>
         <run_address>0xa6b3</run_address>
         <size>0x39</size>
         <input_file_ref idref="fl-4a"/>
      </object_component>
      <object_component id="oc-6b0">
         <name>.debug_info</name>
         <load_address>0xa6ec</load_address>
         <run_address>0xa6ec</run_address>
         <size>0x2c</size>
         <input_file_ref idref="fl-4a"/>
      </object_component>
      <object_component id="oc-5e9">
         <name>.debug_info</name>
         <load_address>0xa718</load_address>
         <run_address>0xa718</run_address>
         <size>0x2c</size>
         <input_file_ref idref="fl-4a"/>
      </object_component>
      <object_component id="oc-6a9">
         <name>.debug_info</name>
         <load_address>0xa744</load_address>
         <run_address>0xa744</run_address>
         <size>0xcd</size>
         <input_file_ref idref="fl-4a"/>
      </object_component>
      <object_component id="oc-5d9">
         <name>.debug_info</name>
         <load_address>0xa811</load_address>
         <run_address>0xa811</run_address>
         <size>0x150</size>
         <input_file_ref idref="fl-4b"/>
      </object_component>
      <object_component id="oc-43e">
         <name>.debug_info</name>
         <load_address>0xa961</load_address>
         <run_address>0xa961</run_address>
         <size>0x153</size>
         <input_file_ref idref="fl-4c"/>
      </object_component>
      <object_component id="oc-419">
         <name>.debug_info</name>
         <load_address>0xaab4</load_address>
         <run_address>0xaab4</run_address>
         <size>0x2c</size>
         <input_file_ref idref="fl-4d"/>
      </object_component>
      <object_component id="oc-4d6">
         <name>.debug_info</name>
         <load_address>0xaae0</load_address>
         <run_address>0xaae0</run_address>
         <size>0x122</size>
         <input_file_ref idref="fl-4e"/>
      </object_component>
      <object_component id="oc-418">
         <name>.debug_info</name>
         <load_address>0xac02</load_address>
         <run_address>0xac02</run_address>
         <size>0x19a</size>
         <input_file_ref idref="fl-51"/>
      </object_component>
      <object_component id="oc-3b6">
         <name>.debug_info</name>
         <load_address>0xad9c</load_address>
         <run_address>0xad9c</run_address>
         <size>0x17a</size>
         <input_file_ref idref="fl-51"/>
      </object_component>
      <object_component id="oc-7a1">
         <name>.debug_info</name>
         <load_address>0xaf16</load_address>
         <run_address>0xaf16</run_address>
         <size>0xa0</size>
      </object_component>
      <object_component id="oc-466">
         <name>.debug_line</name>
         <load_address>0x0</load_address>
         <run_address>0x0</run_address>
         <size>0x7f</size>
         <input_file_ref idref="fl-2"/>
      </object_component>
      <object_component id="oc-55b">
         <name>.debug_line</name>
         <load_address>0x7f</load_address>
         <run_address>0x7f</run_address>
         <size>0x30</size>
         <input_file_ref idref="fl-2"/>
      </object_component>
      <object_component id="oc-55e">
         <name>.debug_line</name>
         <load_address>0xaf</load_address>
         <run_address>0xaf</run_address>
         <size>0x30</size>
         <input_file_ref idref="fl-2"/>
      </object_component>
      <object_component id="oc-490">
         <name>.debug_line</name>
         <load_address>0xdf</load_address>
         <run_address>0xdf</run_address>
         <size>0x47</size>
         <input_file_ref idref="fl-2"/>
      </object_component>
      <object_component id="oc-4a2">
         <name>.debug_line</name>
         <load_address>0x126</load_address>
         <run_address>0x126</run_address>
         <size>0x4a</size>
         <input_file_ref idref="fl-2"/>
      </object_component>
      <object_component id="oc-4ca">
         <name>.debug_line</name>
         <load_address>0x170</load_address>
         <run_address>0x170</run_address>
         <size>0x4c</size>
         <input_file_ref idref="fl-2"/>
      </object_component>
      <object_component id="oc-444">
         <name>.debug_line</name>
         <load_address>0x1bc</load_address>
         <run_address>0x1bc</run_address>
         <size>0x17d</size>
         <input_file_ref idref="fl-2"/>
      </object_component>
      <object_component id="oc-3d2">
         <name>.debug_line</name>
         <load_address>0x339</load_address>
         <run_address>0x339</run_address>
         <size>0x64</size>
         <input_file_ref idref="fl-2"/>
      </object_component>
      <object_component id="oc-3cb">
         <name>.debug_line</name>
         <load_address>0x39d</load_address>
         <run_address>0x39d</run_address>
         <size>0x56</size>
         <input_file_ref idref="fl-2"/>
      </object_component>
      <object_component id="oc-46a">
         <name>.debug_line</name>
         <load_address>0x3f3</load_address>
         <run_address>0x3f3</run_address>
[...]
         <name>__TI_CINIT_Base</name>
         <value>0x4576</value>
      </symbol>
      <symbol id="sm-310">
         <name>__TI_CINIT_Limit</name>
         <value>0x4586</value>
      </symbol>
      <symbol id="sm-311">
         <name>__TI_Handler_Table_Base</name>
         <value>0x455c</value>
      </symbol>
      <symbol id="sm-312">
         <name>__TI_Handler_Table_Limit</name>
         <value>0x4568</value>
      </symbol>
      <symbol id="sm-313">
         <name>__STACK_SIZE</name>
         <value>0xa0</value>
      </symbol>
      <symbol id="sm-314">
         <name>__STACK_END</name>
         <value>0x2400</value>
      </symbol>
      <symbol id="sm-315">
         <name>__c_args__</name>
         <value>0xffffffff</value>
      </symbol>
      <symbol id="sm-316">
         <name>__TI_pprof_out_hndl</name>
         <value>0xffffffff</value>
      </symbol>
      <symbol id="sm-317">
         <name>__TI_prof_data_start</name>
         <value>0xffffffff</value>
      </symbol>
      <symbol id="sm-318">
         <name>__TI_prof_data_size</name>
         <value>0xffffffff</value>
      </symbol>
      <symbol id="sm-3fe">
         <name>sdVolume</name>
         <value>0x1c00</value>
      </symbol>
      <symbol id="sm-3ff">
         <name>logfile</name>
         <value>0x1e2e</value>
      </symbol>
      <symbol id="sm-400">
         <name>backupCtr</name>
         <value>0x2070</value>
      </symbol>
      <symbol id="sm-401">
         <name>mode</name>
         <value>0x2074</value>
      </symbol>
      <symbol id="sm-402">
         <name>measurementInit</name>
         <value>0x2072</value>
      </symbol>
      <symbol id="sm-403">
         <name>RX_Data</name>
         <value>0x2052</value>
      </symbol>
      <symbol id="sm-404">
         <name>TX_Data</name>
         <value>0x206e</value>
      </symbol>
      <symbol id="sm-405">
         <name>RX_ByteCtr</name>
         <value>0x2067</value>
      </symbol>
      <symbol id="sm-406">
         <name>TX_ByteCtr</name>
         <value>0x2082</value>
      </symbol>
      <symbol id="sm-407">
         <name>G_MODE</name>
         <value>0x206c</value>
      </symbol>
      <symbol id="sm-408">
         <name>DPS_MODE</name>
         <value>0x206a</value>
      </symbol>
      <symbol id="sm-409">
         <name>xAccel</name>
         <value>0x2076</value>
      </symbol>
      <symbol id="sm-40a">
         <name>yAccel</name>
         <value>0x207a</value>
      </symbol>
      <symbol id="sm-40b">
         <name>zAccel</name>
         <value>0x207e</value>
      </symbol>
      <symbol id="sm-40c">
         <name>xGyro</name>
         <value>0x2078</value>
      </symbol>
      <symbol id="sm-40d">
         <name>yGyro</name>
         <value>0x207c</value>
      </symbol>
      <symbol id="sm-40e">
         <name>zGyro</name>
         <value>0x2080</value>
      </symbol>
      <symbol id="sm-40f">
         <name>i2cInit</name>
         <value>0x12c3a</value>
         <object_component_ref idref="oc-48c"/>
      </symbol>
      <symbol id="sm-410">
         <name>__TI_int32</name>
         <value>0xffd0</value>
         <object_component_ref idref="oc-7f"/>
      </symbol>
      <symbol id="sm-411">
         <name>slaveAddress</name>
         <value>0x2086</value>
         <object_component_ref idref="oc-49a"/>
      </symbol>
      <symbol id="sm-412">
         <name>__TI_int47</name>
         <value>0xffee</value>
         <object_component_ref idref="oc-8e"/>
      </symbol>
      <symbol id="sm-413">
         <name>ISR_Port4_S1</name>
         <value>0x4466</value>
         <object_component_ref idref="oc-3c7"/>
      </symbol>
      <symbol id="sm-414">
         <name>USCI_B0_ISR</name>
         <value>0x4400</value>
         <object_component_ref idref="oc-3cd"/>
      </symbol>
      <symbol id="sm-415">
         <name>i2cWrite</name>
         <value>0x12bda</value>
         <object_component_ref idref="oc-49e"/>
      </symbol>
      <symbol id="sm-416">
         <name>main</name>
         <value>0x104ec</value>
         <object_component_ref idref="oc-440"/>
      </symbol>
      <symbol id="sm-417">
         <name>status</name>
         <value>0x2085</value>
         <object_component_ref idref="oc-49a"/>
      </symbol>
      <symbol id="sm-418">
         <name>i2cRead</name>
         <value>0x12b42</value>
         <object_component_ref idref="oc-4c6"/>
      </symbol>
      <symbol id="sm-526">
         <name>get_fattime</name>
         <value>0x12d5e</value>
         <object_component_ref idref="oc-529"/>
      </symbol>
      <symbol id="sm-527">
         <name>disk_status</name>
         <value>0x12d44</value>
         <object_component_ref idref="oc-536"/>
      </symbol>
      <symbol id="sm-528">
         <name>disk_read</name>
         <value>0x1228c</value>
         <object_component_ref idref="oc-5a6"/>
      </symbol>
      <symbol id="sm-529">
         <name>disk_initialize</name>
         <value>0x11662</value>
         <object_component_ref idref="oc-638"/>
      </symbol>
      <symbol id="sm-52a">
         <name>disk_ioctl</name>
         <value>0x11324</value>
         <object_component_ref idref="oc-62d"/>
      </symbol>
      <symbol id="sm-52b">
         <name>disk_write</name>
         <value>0x11f06</value>
         <object_component_ref idref="oc-517"/>
      </symbol>
      <symbol id="sm-7b0">
         <name>f_sync</name>
         <value>0x11fd8</value>
         <object_component_ref idref="oc-47b"/>
      </symbol>
      <symbol id="sm-7b1">
         <name>f_printf</name>
         <value>0x1091a</value>
         <object_component_ref idref="oc-4c0"/>
      </symbol>
      <symbol id="sm-7b2">
         <name>clust2sect</name>
         <value>0x12988</value>
         <object_component_ref idref="oc-59b"/>
      </symbol>
      <symbol id="sm-7b3">
         <name>put_fat</name>
         <value>0x11952</value>
         <object_component_ref idref="oc-670"/>
      </symbol>
      <symbol id="sm-7b4">
         <name>f_write</name>
         <value>0x10eaa</value>
         <object_component_ref idref="oc-5b8"/>
      </symbol>
      <symbol id="sm-7b5">
         <name>f_close</name>
         <value>0x12bfe</value>
         <object_component_ref idref="oc-425"/>
      </symbol>
      <symbol id="sm-7b6">
         <name>f_open</name>
         <value>0x1113a</value>
         <object_component_ref idref="oc-4b4"/>
      </symbol>
      <symbol id="sm-7b7">
         <name>f_lseek</name>
         <value>0x10c0e</value>
         <object_component_ref idref="oc-4ba"/>
      </symbol>
      <symbol id="sm-7b8">
         <name>f_stat</name>
         <value>0x1259a</value>
         <object_component_ref idref="oc-4ae"/>
      </symbol>
      <symbol id="sm-7b9">
         <name>f_mount</name>
         <value>0x1242e</value>
         <object_component_ref idref="oc-494"/>
      </symbol>
      <symbol id="sm-7ba">
         <name>get_fat</name>
         <value>0x11abc</value>
         <object_component_ref idref="oc-595"/>
      </symbol>
      <symbol id="sm-7dd">
         <name>__TI_decompress_lzss</name>
         <value>0x12524</value>
         <object_component_ref idref="oc-71"/>
      </symbol>
      <symbol id="sm-7ee">
         <name>__TI_decompress_none</name>
         <value>0x12cec</value>
         <object_component_ref idref="oc-77"/>
      </symbol>
      <symbol id="sm-7f1">
         <name>__TI_int30</name>
         <value>0xffcc</value>
         <object_component_ref idref="oc-7d"/>
      </symbol>
      <symbol id="sm-7f9">
         <name>__TI_ISR_TRAP</name>
         <value>0x44d0</value>
         <object_component_ref idref="oc-3c2"/>
      </symbol>
      <symbol id="sm-7fc">
         <name>__TI_int31</name>
         <value>0xffce</value>
         <object_component_ref idref="oc-7e"/>
      </symbol>
      <symbol id="sm-7ff">
         <name>__TI_int33</name>
         <value>0xffd2</value>
         <object_component_ref idref="oc-80"/>
      </symbol>
      <symbol id="sm-802">
         <name>__TI_int34</name>
         <value>0xffd4</value>
         <object_component_ref idref="oc-81"/>
      </symbol>
      <symbol id="sm-805">
         <name>__TI_int35</name>
         <value>0xffd6</value>
         <object_component_ref idref="oc-82"/>
      </symbol>
      <symbol id="sm-808">
         <name>__TI_int36</name>
         <value>0xffd8</value>
         <object_component_ref idref="oc-83"/>
      </symbol>
      <symbol id="sm-80b">
         <name>__TI_int37</name>
         <value>0xffda</value>
         <object_component_ref idref="oc-84"/>
      </symbol>
      <symbol id="sm-80e">
         <name>__TI_int38</name>
         <value>0xffdc</value>
         <object_component_ref idref="oc-85"/>
      </symbol>
      <symbol id="sm-811">
         <name>__TI_int39</name>
         <value>0xffde</value>
         <object_component_ref idref="oc-86"/>
      </symbol>
      <symbol id="sm-814">
         <name>__TI_int40</name>
         <value>0xffe0</value>
         <object_component_ref idref="oc-87"/>
      </symbol>
      <symbol id="sm-817">
         <name>__TI_int41</name>
         <value>0xffe2</value>
         <object_component_ref idref="oc-88"/>
      </symbol>
      <symbol id="sm-81a">
         <name>__TI_int42</name>
         <value>0xffe4</value>
         <object_component_ref idref="oc-89"/>
      </symbol>
      <symbol id="sm-81d">
         <name>__TI_int43</name>
         <value>0xffe6</value>
         <object_component_ref idref="oc-8a"/>
      </symbol>
      <symbol id="sm-820">
         <name>__TI_int44</name>
         <value>0xffe8</value>
         <object_component_ref idref="oc-8b"/>
      </symbol>
      <symbol id="sm-823">
         <name>__TI_int45</name>
         <value>0xffea</value>
         <object_component_ref idref="oc-8c"/>
      </symbol>
      <symbol id="sm-826">
         <name>__TI_int46</name>
         <value>0xffec</value>
         <object_component_ref idref="oc-8d"/>
      </symbol>
      <symbol id="sm-829">
         <name>__TI_int48</name>
         <value>0xfff0</value>
         <object_component_ref idref="oc-8f"/>
      </symbol>
      <symbol id="sm-82c">
         <name>__TI_int49</name>
         <value>0xfff2</value>
         <object_component_ref idref="oc-90"/>
      </symbol>
      <symbol id="sm-82f">
         <name>__TI_int50</name>
         <value>0xfff4</value>
         <object_component_ref idref="oc-91"/>
      </symbol>
      <symbol id="sm-832">
         <name>__TI_int51</name>
         <value>0xfff6</value>
         <object_component_ref idref="oc-92"/>
      </symbol>
      <symbol id="sm-835">
         <name>__TI_int52</name>
         <value>0xfff8</value>
         <object_component_ref idref="oc-93"/>
      </symbol>
      <symbol id="sm-838">
         <name>__TI_int53</name>
         <value>0xfffa</value>
         <object_component_ref idref="oc-94"/>
      </symbol>
      <symbol id="sm-83b">
         <name>__TI_int54</name>
         <value>0xfffc</value>
         <object_component_ref idref="oc-95"/>
      </symbol>
      <symbol id="sm-84e">
         <name>__TI_zero_init</name>
         <value>0x12bb6</value>
         <object_component_ref idref="oc-3d9"/>
      </symbol>
      <symbol id="sm-85a">
         <name>__mspabi_remi</name>
         <value>0x12b16</value>
         <object_component_ref idref="oc-4a9"/>
      </symbol>
      <symbol id="sm-85b">
         <name>__mspabi_divi</name>
         <value>0x12b16</value>
         <object_component_ref idref="oc-4a9"/>
      </symbol>
      <symbol id="sm-865">
         <name>__mspabi_remu</name>
         <value>0x12c84</value>
         <object_component_ref idref="oc-55f"/>
      </symbol>
      <symbol id="sm-866">
         <name>__mspabi_divu</name>
         <value>0x12c84</value>
         <object_component_ref idref="oc-55f"/>
      </symbol>
      <symbol id="sm-874">
         <name>__mspabi_remul</name>
         <value>0x126b0</value>
         <object_component_ref idref="oc-58a"/>
      </symbol>
      <symbol id="sm-875">
         <name>__mspabi_divul</name>
         <value>0x126b0</value>
         <object_component_ref idref="oc-58a"/>
      </symbol>
      <symbol id="sm-87f">
         <name>__mspabi_mpyi_sw</name>
         <value>0x12cd8</value>
         <object_component_ref idref="oc-5b3"/>
      </symbol>
      <symbol id="sm-880">
         <name>__mspabi_mpyi</name>
         <value>0x12cd8</value>
         <object_component_ref idref="oc-5b3"/>
      </symbol>
      <symbol id="sm-88a">
         <name>__mspabi_mpyl_sw</name>
         <value>0x12b6a</value>
         <object_component_ref idref="oc-644"/>
      </symbol>
      <symbol id="sm-88b">
         <name>__mspabi_mpyl</name>
         <value>0x12b6a</value>
         <object_component_ref idref="oc-644"/>
      </symbol>
      <symbol id="sm-89b">
         <name>__mspabi_slll_9</name>
         <value>0x129de</value>
         <object_component_ref idref="oc-584"/>
      </symbol>
      <symbol id="sm-89c">
         <name>__mspabi_slll_8</name>
         <value>0x129e2</value>
         <object_component_ref idref="oc-584"/>
      </symbol>
      <symbol id="sm-89d">
         <name>__mspabi_slll_7</name>
         <value>0x129e6</value>
         <object_component_ref idref="oc-584"/>
      </symbol>
      <symbol id="sm-89e">
         <name>__mspabi_slll_6</name>
         <value>0x129ea</value>
         <object_component_ref idref="oc-584"/>
      </symbol>
      <symbol id="sm-89f">
         <name>__mspabi_slll_5</name>
         <value>0x129ee</value>
         <object_component_ref idref="oc-584"/>
      </symbol>
      <symbol id="sm-8a0">
         <name>__mspabi_slll_4</name>
         <value>0x129f2</value>
         <object_component_ref idref="oc-584"/>
      </symbol>
      <symbol id="sm-8a1">
         <name>__mspabi_slll_3</name>
         <value>0x129f6</value>
         <object_component_ref idref="oc-584"/>
      </symbol>
      <symbol id="sm-8a2">
         <name>__mspabi_slll_2</name>
         <value>0x129fa</value>
         <object_component_ref idref="oc-584"/>
      </symbol>
      <symbol id="sm-8a3">
         <name>__mspabi_slll_1</name>
         <value>0x129fe</value>
         <object_component_ref idref="oc-584"/>
      </symbol>
      <symbol id="sm-8a4">
         <name>__mspabi_slll</name>
         <value>0x12d34</value>
         <object_component_ref idref="oc-6ce"/>
      </symbol>
      <symbol id="sm-8a5">
         <name>__mspabi_slll_15</name>
         <value>0x129c6</value>
         <object_component_ref idref="oc-584"/>
      </symbol>
      <symbol id="sm-8a6">
         <name>__mspabi_slll_14</name>
         <value>0x129ca</value>
         <object_component_ref idref="oc-584"/>
      </symbol>
      <symbol id="sm-8a7">
         <name>__mspabi_slll_13</name>
         <value>0x129ce</value>
         <object_component_ref idref="oc-584"/>
      </symbol>
      <symbol id="sm-8a8">
         <name>__mspabi_slll_12</name>
         <value>0x129d2</value>
         <object_component_ref idref="oc-584"/>
      </symbol>
      <symbol id="sm-8a9">
         <name>__mspabi_slll_11</name>
         <value>0x129d6</value>
         <object_component_ref idref="oc-584"/>
      </symbol>
      <symbol id="sm-8aa">
         <name>__mspabi_slll_10</name>
         <value>0x129da</value>
         <object_component_ref idref="oc-584"/>
      </symbol>
      <symbol id="sm-8b2">
         <name>__mspabi_srll_8</name>
         <value>0x12a20</value>
         <object_component_ref idref="oc-5a1"/>
      </symbol>
      <symbol id="sm-8b3">
         <name>__mspabi_srll_9</name>
         <value>0x12a1c</value>
         <object_component_ref idref="oc-5a1"/>
      </symbol>
      <symbol id="sm-8b4">
         <name>__mspabi_srll_6</name>
         <value>0x12a28</value>
         <object_component_ref idref="oc-5a1"/>
      </symbol>
      <symbol id="sm-8b5">
         <name>__mspabi_srll_7</name>
         <value>0x12a24</value>
         <object_component_ref idref="oc-5a1"/>
      </symbol>
      <symbol id="sm-8b6">
         <name>__mspabi_srll_4</name>
         <value>0x12a30</value>
         <object_component_ref idref="oc-5a1"/>
      </symbol>
      <symbol id="sm-8b7">
         <name>__mspabi_srll_5</name>
         <value>0x12a2c</value>
         <object_component_ref idref="oc-5a1"/>
      </symbol>
      <symbol id="sm-8b8">
         <name>__mspabi_srll_2</name>
         <value>0x12a38</value>
         <object_component_ref idref="oc-5a1"/>
      </symbol>
      <symbol id="sm-8b9">
         <name>__mspabi_srll_3</name>
         <value>0x12a34</value>
         <object_component_ref idref="oc-5a1"/>
      </symbol>
      <symbol id="sm-8ba">
         <name>__mspabi_srll_1</name>
         <value>0x12a3c</value>
         <object_component_ref idref="oc-5a1"/>
      </symbol>
      <symbol id="sm-8bb">
         <name>__mspabi_srll_15</name>
         <value>0x12a04</value>
         <object_component_ref idref="oc-5a1"/>
      </symbol>
      <symbol id="sm-8bc">
         <name>__mspabi_srll_14</name>
         <value>0x12a08</value>
         <object_component_ref idref="oc-5a1"/>
      </symbol>
      <symbol id="sm-8bd">
         <name>__mspabi_srll_13</name>
         <value>0x12a0c</value>
         <object_component_ref idref="oc-5a1"/>
      </symbol>
      <symbol id="sm-8be">
         <name>__mspabi_srll_12</name>
         <value>0x12a10</value>
         <object_component_ref idref="oc-5a1"/>
      </symbol>
      <symbol id="sm-8bf">
         <name>__mspabi_srll_11</name>
         <value>0x12a14</value>
         <object_component_ref idref="oc-5a1"/>
      </symbol>
      <symbol id="sm-8c0">
         <name>__mspabi_srll_10</name>
         <value>0x12a18</value>
         <object_component_ref idref="oc-5a1"/>
      </symbol>
      <symbol id="sm-8d0">
         <name>_stack</name>
         <value>0x2360</value>
         <object_component_ref idref="oc-3a6"/>
      </symbol>
      <symbol id="sm-8d1">
         <name>_c_int00_noargs</name>
         <value>0x44b4</value>
         <object_component_ref idref="oc-3e5"/>
      </symbol>
      <symbol id="sm-8d2">
         <name>_reset_vector</name>
         <value>0xfffe</value>
         <object_component_ref idref="oc-3a9"/>
      </symbol>
      <symbol id="sm-8f7">
         <name>__TI_auto_init_nobinit_nopinit_hold_wdt</name>
         <value>0x1275e</value>
         <object_component_ref idref="oc-4f7"/>
      </symbol>
      <symbol id="sm-900">
         <name>_system_post_cinit</name>
         <value>0x12d8e</value>
         <object_component_ref idref="oc-5d7"/>
      </symbol>
      <symbol id="sm-909">
         <name>_system_pre_init</name>
         <value>0x12d8a</value>
         <object_component_ref idref="oc-43a"/>
      </symbol>
      <symbol id="sm-919">
         <name>C$$EXIT</name>
         <value>0x12d78</value>
         <object_component_ref idref="oc-4d3"/>
      </symbol>
      <symbol id="sm-91a">
         <name>abort</name>
         <value>0x12d78</value>
         <object_component_ref idref="oc-4d3"/>
      </symbol>
      <symbol id="sm-92a">
         <name>memcpy</name>
         <value>0x12cc4</value>
         <object_component_ref idref="oc-3b5"/>
      </symbol>
   </symbol_table>
   <title>Link successful</title>
</link_info>
